Archive member included to satisfy reference by file (symbol)

../../../ports/posix/rel/libqp.a(qep_hsm.o)
                              rel/qhsmtst.o (QHsm_top)
../../../ports/posix/rel/libqp.a(qep_msm.o)
                              rel/main.o (QP_versionStr)
/usr/lib/libc_nonshared.a(elf-init.oS)
                              /usr/lib/gcc/x86_64-unknown-linux-gnu/5.2.0/../../../../lib/crt1.o (__libc_csu_init)

Discarded input sections

 .rodata.cst4   0x0000000000000000        0x4 /usr/lib/gcc/x86_64-unknown-linux-gnu/5.2.0/../../../../lib/crt1.o
 .data          0x0000000000000000        0x4 /usr/lib/gcc/x86_64-unknown-linux-gnu/5.2.0/../../../../lib/crt1.o
 .bss           0x0000000000000000        0x0 /usr/lib/gcc/x86_64-unknown-linux-gnu/5.2.0/../../../../lib/crt1.o
 .note.GNU-stack
                0x0000000000000000        0x0 /usr/lib/gcc/x86_64-unknown-linux-gnu/5.2.0/../../../../lib/crt1.o
 .text          0x0000000000000000        0x0 /usr/lib/gcc/x86_64-unknown-linux-gnu/5.2.0/../../../../lib/crti.o
 .data          0x0000000000000000        0x0 /usr/lib/gcc/x86_64-unknown-linux-gnu/5.2.0/../../../../lib/crti.o
 .bss           0x0000000000000000        0x0 /usr/lib/gcc/x86_64-unknown-linux-gnu/5.2.0/../../../../lib/crti.o
 .note.GNU-stack
                0x0000000000000000        0x0 /usr/lib/gcc/x86_64-unknown-linux-gnu/5.2.0/../../../../lib/crti.o
 .data          0x0000000000000000        0x8 /usr/lib/gcc/x86_64-unknown-linux-gnu/5.2.0/crtbegin.o
 .text.unlikely
                0x0000000000000000        0x0 /usr/lib/gcc/x86_64-unknown-linux-gnu/5.2.0/crtbegin.o
 .note.GNU-stack
                0x0000000000000000        0x0 /usr/lib/gcc/x86_64-unknown-linux-gnu/5.2.0/crtbegin.o
 .text          0x0000000000000000        0x0 rel/qhsmtst.o
 .data          0x0000000000000000        0x0 rel/qhsmtst.o
 .bss           0x0000000000000000        0x0 rel/qhsmtst.o
 .text.unlikely.QHsmTst_initial
                0x0000000000000000        0x0 rel/qhsmtst.o
 .text.unlikely.QHsmTst_s1
                0x0000000000000000        0x0 rel/qhsmtst.o
 .text.unlikely.QHsmTst_s211
                0x0000000000000000        0x0 rel/qhsmtst.o
 .text.unlikely.QHsmTst_s21
                0x0000000000000000        0x0 rel/qhsmtst.o
 .text.unlikely.QHsmTst_s2
                0x0000000000000000        0x0 rel/qhsmtst.o
 .text.unlikely.QHsmTst_s11
                0x0000000000000000        0x0 rel/qhsmtst.o
 .text.unlikely.QHsmTst_s
                0x0000000000000000        0x0 rel/qhsmtst.o
 .text.unlikely.QHsmTst_ctor
                0x0000000000000000        0x0 rel/qhsmtst.o
 .note.GNU-stack
                0x0000000000000000        0x0 rel/qhsmtst.o
 .text          0x0000000000000000        0x0 rel/main.o
 .data          0x0000000000000000        0x0 rel/main.o
 .bss           0x0000000000000000        0x0 rel/main.o
 .text.unlikely.Q_onAssert
                0x0000000000000000        0x0 rel/main.o
 .text.unlikely.dispatch
                0x0000000000000000        0x0 rel/main.o
 .text.unlikely.main
                0x0000000000000000        0x0 rel/main.o
 .text.unlikely.BSP_display
                0x0000000000000000        0x0 rel/main.o
 .text.unlikely.BSP_exit
                0x0000000000000000        0x0 rel/main.o
 .note.GNU-stack
                0x0000000000000000        0x0 rel/main.o
 .text          0x0000000000000000        0x0 ../../../ports/posix/rel/libqp.a(qep_hsm.o)
 .data          0x0000000000000000        0x0 ../../../ports/posix/rel/libqp.a(qep_hsm.o)
 .bss           0x0000000000000000        0x0 ../../../ports/posix/rel/libqp.a(qep_hsm.o)
 .text.unlikely.QHsm_top
                0x0000000000000000        0x0 ../../../ports/posix/rel/libqp.a(qep_hsm.o)
 .text.unlikely.QHsm_init_
                0x0000000000000000        0x0 ../../../ports/posix/rel/libqp.a(qep_hsm.o)
 .text.unlikely.QHsm_dispatch_
                0x0000000000000000        0x0 ../../../ports/posix/rel/libqp.a(qep_hsm.o)
 .text.unlikely.QHsm_ctor
                0x0000000000000000        0x0 ../../../ports/posix/rel/libqp.a(qep_hsm.o)
 .text.unlikely.QHsm_isIn
                0x0000000000000000        0x0 ../../../ports/posix/rel/libqp.a(qep_hsm.o)
 .text.QHsm_isIn
                0x0000000000000000       0x5f ../../../ports/posix/rel/libqp.a(qep_hsm.o)
 .note.GNU-stack
                0x0000000000000000        0x0 ../../../ports/posix/rel/libqp.a(qep_hsm.o)
 .text          0x0000000000000000        0x0 ../../../ports/posix/rel/libqp.a(qep_msm.o)
 .data          0x0000000000000000        0x0 ../../../ports/posix/rel/libqp.a(qep_msm.o)
 .bss           0x0000000000000000        0x0 ../../../ports/posix/rel/libqp.a(qep_msm.o)
 .text.unlikely.QMsm_exitToTranSource_
                0x0000000000000000        0x0 ../../../ports/posix/rel/libqp.a(qep_msm.o)
 .text.QMsm_exitToTranSource_
                0x0000000000000000       0x61 ../../../ports/posix/rel/libqp.a(qep_msm.o)
 .text.unlikely.QMsm_ctor
[...]
Memory Configuration

Name             Origin             Length             Attributes
*default*        0x0000000000000000 0xffffffffffffffff

Linker script and memory map

LOAD /usr/lib/gcc/x86_64-unknown-linux-gnu/5.2.0/../../../../lib/crt1.o
LOAD /usr/lib/gcc/x86_64-unknown-linux-gnu/5.2.0/../../../../lib/crti.o
LOAD /usr/lib/gcc/x86_64-unknown-linux-gnu/5.2.0/crtbegin.o
LOAD rel/qhsmtst.o
LOAD rel/main.o
LOAD ../../../ports/posix/rel/libqp.a
LOAD /usr/lib/gcc/x86_64-unknown-linux-gnu/5.2.0/libgcc.a
LOAD /usr/lib/gcc/x86_64-unknown-linux-gnu/5.2.0/../../../../lib/libgcc_s.so
LOAD /usr/lib/gcc/x86_64-unknown-linux-gnu/5.2.0/../../../../lib/libpthread.so
START GROUP
LOAD /usr/lib/libpthread.so.0
LOAD /usr/lib/libpthread_nonshared.a
END GROUP
LOAD /usr/lib/gcc/x86_64-unknown-linux-gnu/5.2.0/../../../../lib/libc.so
START GROUP
LOAD /usr/lib/libc.so.6
LOAD /usr/lib/libc_nonshared.a
LOAD /usr/lib/ld-linux-x86-64.so.2
END GROUP
LOAD /usr/lib/gcc/x86_64-unknown-linux-gnu/5.2.0/libgcc.a
LOAD /usr/lib/gcc/x86_64-unknown-linux-gnu/5.2.0/../../../../lib/libgcc_s.so
LOAD /usr/lib/gcc/x86_64-unknown-linux-gnu/5.2.0/crtend.o
LOAD /usr/lib/gcc/x86_64-unknown-linux-gnu/5.2.0/../../../../lib/crtn.o
                [!provide]                        PROVIDE (__executable_start, 0x400000)
                0x0000000000400200                . = (0x400000 + SIZEOF_HEADERS)

.interp         0x0000000000400200       0x1c
 *(.interp)
 .interp        0x0000000000400200       0x1c /usr/lib/gcc/x86_64-unknown-linux-gnu/5.2.0/../../../../lib/crt1.o

.note.ABI-tag   0x000000000040021c       0x20
 .note.ABI-tag  0x000000000040021c       0x20 /usr/lib/gcc/x86_64-unknown-linux-gnu/5.2.0/../../../../lib/crt1.o

.note.gnu.build-id
                0x000000000040023c       0x24
 *(.note.gnu.build-id)
 .note.gnu.build-id
                0x000000000040023c       0x24 /usr/lib/gcc/x86_64-unknown-linux-gnu/5.2.0/../../../../lib/crt1.o

.hash
 *(.hash)

.gnu.hash       0x0000000000400260       0x30
 *(.gnu.hash)
 .gnu.hash      0x0000000000400260       0x30 /usr/lib/gcc/x86_64-unknown-linux-gnu/5.2.0/../../../../lib/crt1.o

.dynsym         0x0000000000400290      0x1c8
 *(.dynsym)
 .dynsym        0x0000000000400290      0x1c8 /usr/lib/gcc/x86_64-unknown-linux-gnu/5.2.0/../../../../lib/crt1.o

.dynstr         0x0000000000400458       0xe9
 *(.dynstr)
 .dynstr        0x0000000000400458       0xe9 /usr/lib/gcc/x86_64-unknown-linux-gnu/5.2.0/../../../../lib/crt1.o

.gnu.version    0x0000000000400542       0x26
 *(.gnu.version)
 .gnu.version   0x0000000000400542       0x26 /usr/lib/gcc/x86_64-unknown-linux-gnu/5.2.0/../../../../lib/crt1.o

.gnu.version_d  0x0000000000400568        0x0
 *(.gnu.version_d)
 .gnu.version_d
                0x0000000000400568        0x0 /usr/lib/gcc/x86_64-unknown-linux-gnu/5.2.0/../../../../lib/crt1.o

.gnu.version_r  0x0000000000400568       0x20
 *(.gnu.version_r)
 .gnu.version_r
                0x0000000000400568       0x20 /usr/lib/gcc/x86_64-unknown-linux-gnu/5.2.0/../../../../lib/crt1.o

.rela.dyn       0x0000000000400588       0x60
 *(.rela.init)
 *(.rela.text .rela.text.* .rela.gnu.linkonce.t.*)
 .rela.text     0x0000000000400588        0x0 /usr/lib/gcc/x86_64-unknown-linux-gnu/5.2.0/../../../../lib/crt1.o
 .rela.text.QHsmTst_initial
                0x0000000000400588        0x0 /usr/lib/gcc/x86_64-unknown-linux-gnu/5.2.0/../../../../lib/crt1.o
 .rela.text.QHsmTst_s1
                0x0000000000400588        0x0 /usr/lib/gcc/x86_64-unknown-linux-gnu/5.2.0/../../../../lib/crt1.o
 .rela.text.QHsmTst_s211
                0x0000000000400588        0x0 /usr/lib/gcc/x86_64-unknown-linux-gnu/5.2.0/../../../../lib/crt1.o
 .rela.text.QHsmTst_s21
                0x0000000000400588        0x0 /usr/lib/gcc/x86_64-unknown-linux-gnu/5.2.0/../../../../lib/crt1.o
 .rela.text.QHsmTst_s2
                0x0000000000400588        0x0 /usr/lib/gcc/x86_64-unknown-linux-gnu/5.2.0/../../../../lib/crt1.o
 .rela.text.QHsmTst_s11
                0x0000000000400588        0x0 /usr/lib/gcc/x86_64-unknown-linux-gnu/5.2.0/../../../../lib/crt1.o
 .rela.text.QHsmTst_s
                0x0000000000400588        0x0 /usr/lib/gcc/x86_64-unknown-linux-gnu/5.2.0/../../../../lib/crt1.o
 .rela.text.QHsmTst_ctor
                0x0000000000400588        0x0 /usr/lib/gcc/x86_64-unknown-linux-gnu/5.2.0/../../../../lib/crt1.o
 .rela.text.Q_onAssert
                0x0000000000400588        0x0 /usr/lib/gcc/x86_64-unknown-linux-gnu/5.2.0/../../../../lib/crt1.o
 .rela.text.dispatch
                0x0000000000400588        0x0 /usr/lib/gcc/x86_64-unknown-linux-gnu/5.2.0/../../../../lib/crt1.o
 .rela.text.startup.main
                0x0000000000400588        0x0 /usr/lib/gcc/x86_64-unknown-linux-gnu/5.2.0/../../../../lib/crt1.o
 .rela.text.BSP_display
                0x0000000000400588        0x0 /usr/lib/gcc/x86_64-unknown-linux-gnu/5.2.0/../../../../lib/crt1.o
 .rela.text.BSP_exit
                0x0000000000400588        0x0 /usr/lib/gcc/x86_64-unknown-linux-gnu/5.2.0/../../../../lib/crt1.o
 *(.rela.fini)
 *(.rela.rodata .rela.rodata.* .rela.gnu.linkonce.r.*)
 *(.rela.data .rela.data.* .rela.gnu.linkonce.d.*)
 *(.rela.tdata .rela.tdata.* .rela.gnu.linkonce.td.*)
 *(.rela.tbss .rela.tbss.* .rela.gnu.linkonce.tb.*)
 *(.rela.ctors)
 *(.rela.dtors)
 *(.rela.got)
 .rela.got      0x0000000000400588       0x18 /usr/lib/gcc/x86_64-unknown-linux-gnu/5.2.0/../../../../lib/crt1.o
 *(.rela.bss .rela.bss.* .rela.gnu.linkonce.b.*)
 .rela.bss      0x00000000004005a0       0x48 /usr/lib/gcc/x86_64-unknown-linux-gnu/5.2.0/../../../../lib/crt1.o
 *(.rela.ldata .rela.ldata.* .rela.gnu.linkonce.l.*)
 *(.rela.lbss .rela.lbss.* .rela.gnu.linkonce.lb.*)
 *(.rela.lrodata .rela.lrodata.* .rela.gnu.linkonce.lr.*)
 *(.rela.ifunc)

.rela.plt       0x00000000004005e8      0x120
 *(.rela.plt)
 .rela.plt      0x00000000004005e8      0x120 /usr/lib/gcc/x86_64-unknown-linux-gnu/5.2.0/../../../../lib/crt1.o
                [!provide]                        PROVIDE (__rela_iplt_start, .)
 *(.rela.iplt)
 .rela.iplt     0x0000000000400708        0x0 /usr/lib/gcc/x86_64-unknown-linux-gnu/5.2.0/../../../../lib/crt1.o
                [!provide]                        PROVIDE (__rela_iplt_end, .)

.init           0x0000000000400708       0x1a
 *(SORT(.init))
 .init          0x0000000000400708       0x15 /usr/lib/gcc/x86_64-unknown-linux-gnu/5.2.0/../../../../lib/crti.o
                0x0000000000400708                _init
 .init          0x000000000040071d        0x5 /usr/lib/gcc/x86_64-unknown-linux-gnu/5.2.0/../../../../lib/crtn.o

.plt            0x0000000000400730       0xd0
 *(.plt)
 .plt           0x0000000000400730       0xd0 /usr/lib/gcc/x86_64-unknown-linux-gnu/5.2.0/../../../../lib/crt1.o
                0x0000000000400740                puts@@GLIBC_2.2.5
                0x0000000000400750                fclose@@GLIBC_2.2.5
                0x0000000000400760                printf@@GLIBC_2.2.5
                0x0000000000400770                __libc_start_main@@GLIBC_2.2.5
                0x0000000000400780                fprintf@@GLIBC_2.2.5
                0x00000000004007a0                fflush@@GLIBC_2.2.5
                0x00000000004007b0                _IO_getc@@GLIBC_2.2.5
                0x00000000004007c0                tcgetattr@@GLIBC_2.2.5
                0x00000000004007d0                tcsetattr@@GLIBC_2.2.5
                0x00000000004007e0                fopen@@GLIBC_2.2.5
                0x00000000004007f0                exit@@GLIBC_2.2.5
 *(.iplt)
 .iplt          0x0000000000400800        0x0 /usr/lib/gcc/x86_64-unknown-linux-gnu/5.2.0/../../../../lib/crt1.o

.plt.bnd
 *(.plt.bnd)

.text           0x0000000000400800      0xf52
 *(.text.unlikely .text.*_unlikely .text.unlikely.*)
 *(.text.exit .text.exit.*)
 *(.text.startup .text.startup.*)
 .text.startup.main
                0x0000000000400800      0x241 rel/main.o
                0x0000000000400800                main
 *(.text.hot .text.hot.*)
 *(.text .stub .text.* .gnu.linkonce.t.*)
 *fill*         0x0000000000400a41        0xf 
 .text          0x0000000000400a50       0x2a /usr/lib/gcc/x86_64-unknown-linux-gnu/5.2.0/../../../../lib/crt1.o
                0x0000000000400a50                _start
 *fill*         0x0000000000400a7a        0x6 
 .text          0x0000000000400a80       0xc6 /usr/lib/gcc/x86_64-unknown-linux-gnu/5.2.0/crtbegin.o
 *fill*         0x0000000000400b46        0xa 
 .text.QHsmTst_initial
                0x0000000000400b50       0x21 rel/qhsmtst.o
 *fill*         0x0000000000400b71        0xf 
 .text.QHsmTst_s1
                0x0000000000400b80      0x153 rel/qhsmtst.o
 *fill*         0x0000000000400cd3        0xd 
 .text.QHsmTst_s211
                0x0000000000400ce0       0x91 rel/qhsmtst.o
 *fill*         0x0000000000400d71        0xf 
 .text.QHsmTst_s21
                0x0000000000400d80       0xeb rel/qhsmtst.o
 *fill*         0x0000000000400e6b        0x5 
 .text.QHsmTst_s2
                0x0000000000400e70       0xfd rel/qhsmtst.o
 *fill*         0x0000000000400f6d        0x3 
 .text.QHsmTst_s11
                0x0000000000400f70       0xdb rel/qhsmtst.o
 *fill*         0x000000000040104b        0x5 
 .text.QHsmTst_s
                0x0000000000401050       0xe3 rel/qhsmtst.o
 *fill*         0x0000000000401133        0xd 
 .text.QHsmTst_ctor
                0x0000000000401140        0xf rel/qhsmtst.o
                0x0000000000401140                QHsmTst_ctor
 *fill*         0x000000000040114f        0x1 
 .text.Q_onAssert
                0x0000000000401150       0x26 rel/main.o
                0x0000000000401150                Q_onAssert
 *fill*         0x0000000000401176        0xa 
 .text.dispatch
                0x0000000000401180       0x4e rel/main.o
 *fill*         0x00000000004011ce        0x2 
 .text.BSP_display
                0x00000000004011d0       0x25 rel/main.o
                0x00000000004011d0                BSP_display
 *fill*         0x00000000004011f5        0xb 
 .text.BSP_exit
                0x0000000000401200       0x23 rel/main.o
                0x0000000000401200                BSP_exit
 *fill*         0x0000000000401223        0xd 
 .text.QHsm_top
                0x0000000000401230        0x6 ../../../ports/posix/rel/libqp.a(qep_hsm.o)
                0x0000000000401230                QHsm_top
 *fill*         0x0000000000401236        0xa 
 .text.QHsm_init_
                0x0000000000401240      0x129 ../../../ports/posix/rel/libqp.a(qep_hsm.o)
                0x0000000000401240                QHsm_init_
 *fill*         0x0000000000401369        0x7 
 .text.QHsm_dispatch_
                0x0000000000401370      0x345 ../../../ports/posix/rel/libqp.a(qep_hsm.o)
                0x0000000000401370                QHsm_dispatch_
 *fill*         0x00000000004016b5        0xb 
 .text.QHsm_ctor
                0x00000000004016c0       0x14 ../../../ports/posix/rel/libqp.a(qep_hsm.o)
                0x00000000004016c0                QHsm_ctor
 *fill*         0x00000000004016d4        0xc 
 .text          0x00000000004016e0       0x72 /usr/lib/libc_nonshared.a(elf-init.oS)
                0x00000000004016e0                __libc_csu_init
                0x0000000000401750                __libc_csu_fini
 *(.gnu.warning)

.fini           0x0000000000401754        0x9
 *(SORT(.fini))
 .fini          0x0000000000401754        0x4 /usr/lib/gcc/x86_64-unknown-linux-gnu/5.2.0/../../../../lib/crti.o
                0x0000000000401754                _fini
 .fini          0x0000000000401758        0x5 /usr/lib/gcc/x86_64-unknown-linux-gnu/5.2.0/../../../../lib/crtn.o
                [!provide]                        PROVIDE (__etext, .)
                [!provide]                        PROVIDE (_etext, .)
                [!provide]                        PROVIDE (etext, .)

.rodata         0x0000000000401760      0x44e
 *(.rodata .rodata.* .gnu.linkonce.r.*)
 .rodata.str1.1
                0x0000000000401760      0x120 rel/qhsmtst.o
 .rodata.QHsmTst_s1
                0x0000000000401880       0x68 rel/qhsmtst.o
 .rodata.QHsmTst_s21
                0x00000000004018e8       0x58 rel/qhsmtst.o
 .rodata.QHsmTst_s2
                0x0000000000401940       0x68 rel/qhsmtst.o
 .rodata.QHsmTst_s11
                0x00000000004019a8       0x60 rel/qhsmtst.o
 .rodata.QHsmTst_s
                0x0000000000401a08       0x70 rel/qhsmtst.o
 .rodata.the_hsm
                0x0000000000401a78        0x8 rel/qhsmtst.o
                0x0000000000401a78                the_hsm
 .rodata.str1.8
                0x0000000000401a80       0xa8 rel/main.o
                                         0xa7 (size before relaxing)
 .rodata.str1.1
                0x0000000000401b28       0x45 rel/main.o
 .rodata.Q_this_module_
                0x0000000000401b6d        0x7 rel/main.o
 *fill*         0x0000000000401b74        0xc 
 .rodata.vtbl.1970
                0x0000000000401b80       0x10 ../../../ports/posix/rel/libqp.a(qep_hsm.o)
 .rodata.QEP_reservedEvt_
                0x0000000000401b90       0x10 ../../../ports/posix/rel/libqp.a(qep_hsm.o)
 .rodata.Q_this_module_
                0x0000000000401ba0        0x8 ../../../ports/posix/rel/libqp.a(qep_hsm.o)
 .rodata.QP_versionStr
                0x0000000000401ba8        0x6 ../../../ports/posix/rel/libqp.a(qep_msm.o)
                0x0000000000401ba8                QP_versionStr

.rodata1
 *(.rodata1)

.eh_frame_hdr   0x0000000000401bb0       0xb4
 *(.eh_frame_hdr)
 .eh_frame_hdr  0x0000000000401bb0       0xb4 /usr/lib/gcc/x86_64-unknown-linux-gnu/5.2.0/../../../../lib/crt1.o

.eh_frame       0x0000000000401c68      0x41c
 *(.eh_frame)
 .eh_frame      0x0000000000401c68       0x30 /usr/lib/gcc/x86_64-unknown-linux-gnu/5.2.0/../../../../lib/crt1.o
 .eh_frame      0x0000000000401c98       0x40 /usr/lib/gcc/x86_64-unknown-linux-gnu/5.2.0/../../../../lib/crt1.o
 .eh_frame      0x0000000000401cd8      0x1f0 rel/qhsmtst.o
 .eh_frame      0x0000000000401ec8       0x98 rel/main.o
                                         0xa0 (size before relaxing)
 .eh_frame      0x0000000000401f60       0xc0 ../../../ports/posix/rel/libqp.a(qep_hsm.o)
                                         0xf8 (size before relaxing)
 .eh_frame      0x0000000000402020        0x0 ../../../ports/posix/rel/libqp.a(qep_msm.o)
                                        0x130 (size before relaxing)
 .eh_frame      0x0000000000402020       0x60 /usr/lib/libc_nonshared.a(elf-init.oS)
                                         0x78 (size before relaxing)
 .eh_frame      0x0000000000402080        0x4 /usr/lib/gcc/x86_64-unknown-linux-gnu/5.2.0/crtend.o

.gcc_except_table
 *(.gcc_except_table .gcc_except_table.*)

.exception_ranges
 *(.exception_ranges .exception_ranges*)
                0x0000000000402084                . = (ALIGN (0x200000) - ((0x200000 - .) & 0x1fffff))
                0x0000000000602084                . = DATA_SEGMENT_ALIGN (0x200000, 0x1000)

.eh_frame
 *(.eh_frame)

.gcc_except_table
 *(.gcc_except_table .gcc_except_table.*)

.exception_ranges
 *(.exception_ranges .exception_ranges*)

.tdata
 *(.tdata .tdata.* .gnu.linkonce.td.*)

.tbss
 *(.tbss .tbss.* .gnu.linkonce.tb.*)
 *(.tcommon)

.preinit_array  0x0000000000602084        0x0
                [!provide]                        PROVIDE (__preinit_array_start, .)
 *(.preinit_array)
                [!provide]                        PROVIDE (__preinit_array_end, .)

.init_array     0x0000000000602088        0x8
                0x0000000000602088                PROVIDE (__init_array_start, .)
 *(SORT(.init_array.*) SORT(.ctors.*))
 *(.init_array EXCLUDE_FILE(*crtend?.o *crtend.o *crtbegin?.o *crtbegin.o) .ctors)
 .init_array    0x0000000000602088        0x8 /usr/lib/gcc/x86_64-unknown-linux-gnu/5.2.0/crtbegin.o
                0x0000000000602090                PROVIDE (__init_array_end, .)

.fini_array     0x0000000000602090        0x8
                [!provide]                        PROVIDE (__fini_array_start, .)
 *(SORT(.fini_array.*) SORT(.dtors.*))
 *(.fini_array EXCLUDE_FILE(*crtend?.o *crtend.o *crtbegin?.o *crtbegin.o) .dtors)
 .fini_array    0x0000000000602090        0x8 /usr/lib/gcc/x86_64-unknown-linux-gnu/5.2.0/crtbegin.o
                [!provide]                        PROVIDE (__fini_array_end, .)

.ctors
 *crtbegin.o(.ctors)
 *crtbegin?.o(.ctors)
 *(EXCLUDE_FILE(*crtend?.o *crtend.o) .ctors)
 *(SORT(.ctors.*))
 *(.ctors)

.dtors
 *crtbegin.o(.dtors)
 *crtbegin?.o(.dtors)
 *(EXCLUDE_FILE(*crtend?.o *crtend.o) .dtors)
 *(SORT(.dtors.*))
 *(.dtors)

.jcr            0x0000000000602098        0x8
 *(.jcr)
 .jcr           0x0000000000602098        0x0 /usr/lib/gcc/x86_64-unknown-linux-gnu/5.2.0/crtbegin.o
 .jcr           0x0000000000602098        0x8 /usr/lib/gcc/x86_64-unknown-linux-gnu/5.2.0/crtend.o

.data.rel.ro
 *(.data.rel.ro.local* .gnu.linkonce.d.rel.ro.local.*)
 *(.data.rel.ro .data.rel.ro.* .gnu.linkonce.d.rel.ro.*)

.dynamic        0x00000000006020a0      0x1e0
 *(.dynamic)
 .dynamic       0x00000000006020a0      0x1e0 /usr/lib/gcc/x86_64-unknown-linux-gnu/5.2.0/../../../../lib/crt1.o
                0x00000000006020a0                _DYNAMIC

.got            0x0000000000602280        0x8
 *(.got)
 .got           0x0000000000602280        0x8 /usr/lib/gcc/x86_64-unknown-linux-gnu/5.2.0/../../../../lib/crt1.o
 *(.igot)
                0x0000000000602288                . = DATA_SEGMENT_RELRO_END (., (SIZEOF (.got.plt) >= 0x18)?0x18:0x0)

.got.plt        0x0000000000602288       0x78
 *(.got.plt)
 .got.plt       0x0000000000602288       0x78 /usr/lib/gcc/x86_64-unknown-linux-gnu/5.2.0/../../../../lib/crt1.o
                0x0000000000602288                _GLOBAL_OFFSET_TABLE_
 *(.igot.plt)
 .igot.plt      0x0000000000602300        0x0 /usr/lib/gcc/x86_64-unknown-linux-gnu/5.2.0/../../../../lib/crt1.o

.data
 *(.data .data.* .gnu.linkonce.d.*)

.tm_clone_table
                0x0000000000602300        0x0
 .tm_clone_table
                0x0000000000602300        0x0 /usr/lib/gcc/x86_64-unknown-linux-gnu/5.2.0/crtbegin.o
 .tm_clone_table
                0x0000000000602300        0x0 /usr/lib/gcc/x86_64-unknown-linux-gnu/5.2.0/crtend.o

.data1
 *(.data1)
                0x0000000000602300                _edata = .
                [!provide]                        PROVIDE (edata, .)
                0x0000000000602300                . = .
                0x0000000000602300                __bss_start = .

.bss            0x0000000000602300       0xa8
 *(.dynbss)
 .dynbss        0x0000000000602300       0x28 /usr/lib/gcc/x86_64-unknown-linux-gnu/5.2.0/../../../../lib/crt1.o
                0x0000000000602300                stdout@@GLIBC_2.2.5
                0x0000000000602310                stdin@@GLIBC_2.2.5
                0x0000000000602320                stderr@@GLIBC_2.2.5
 *(.bss .bss.* .gnu.linkonce.b.*)
 .bss           0x0000000000602328        0x1 /usr/lib/gcc/x86_64-unknown-linux-gnu/5.2.0/crtbegin.o
 *fill*         0x0000000000602329       0x17 
 .bss.l_hsmtst  0x0000000000602340       0x20 rel/qhsmtst.o
 .bss.l_oldt    0x0000000000602360       0x3c rel/main.o
 *fill*         0x000000000060239c        0x4 
 .bss.l_outFile
                0x00000000006023a0        0x8 rel/main.o
 *(COMMON)
                0x00000000006023a8                . = ALIGN ((. != 0x0)?0x8:0x1)

.lbss
 *(.dynlbss)
 *(.lbss .lbss.* .gnu.linkonce.lb.*)
 *(LARGE_COMMON)
                0x00000000006023a8                . = ALIGN (0x8)
                0x00000000006023a8                . = SEGMENT_START ("ldata-segment", .)

.lrodata
 *(.lrodata .lrodata.* .gnu.linkonce.lr.*)

.ldata          0x0000000000a023a8        0x0
 *(.ldata .ldata.* .gnu.linkonce.l.*)
                0x0000000000a023a8                . = ALIGN ((. != 0x0)?0x8:0x1)
                0x0000000000a023a8                . = ALIGN (0x8)
                0x0000000000a023a8                _end = .
                [!provide]                        PROVIDE (end, .)
                0x0000000000a023a8                . = DATA_SEGMENT_END (.)

.stab
 *(.stab)

.stabstr
 *(.stabstr)

.stab.excl
 *(.stab.excl)

.stab.exclstr
 *(.stab.exclstr)

.stab.index
 *(.stab.index)

.stab.indexstr
 *(.stab.indexstr)

.comment        0x0000000000000000       0x22
 *(.comment)
 .comment       0x0000000000000000       0x11 /usr/lib/gcc/x86_64-unknown-linux-gnu/5.2.0/../../../../lib/crt1.o
                                         0x12 (size before relaxing)
 .comment       0x0000000000000011       0x11 /usr/lib/gcc/x86_64-unknown-linux-gnu/5.2.0/crtbegin.o
                                         0x12 (size before relaxing)
 .comment       0x0000000000000022       0x12 rel/qhsmtst.o
 .comment       0x0000000000000022       0x12 rel/main.o
 .comment       0x0000000000000022       0x12 ../../../ports/posix/rel/libqp.a(qep_hsm.o)
 .comment       0x0000000000000022       0x12 ../../../ports/posix/rel/libqp.a(qep_msm.o)
 .comment       0x0000000000000022       0x12 /usr/lib/libc_nonshared.a(elf-init.oS)
 .comment       0x0000000000000022       0x12 /usr/lib/gcc/x86_64-unknown-linux-gnu/5.2.0/crtend.o

.debug
 *(.debug)

.line
 *(.line)

.debug_srcinfo
 *(.debug_srcinfo)

.debug_sfnames
 *(.debug_sfnames)

.debug_aranges
 *(.debug_aranges)

.debug_pubnames
 *(.debug_pubnames)

.debug_info
 *(.debug_info .gnu.linkonce.wi.*)

.debug_abbrev
 *(.debug_abbrev)

.debug_line
 *(.debug_line .debug_line.* .debug_line_end)

.debug_frame
 *(.debug_frame)

.debug_str
 *(.debug_str)

.debug_loc
 *(.debug_loc)

.debug_macinfo
 *(.debug_macinfo)

.debug_weaknames
 *(.debug_weaknames)

.debug_funcnames
 *(.debug_funcnames)

.debug_typenames
 *(.debug_typenames)

.debug_varnames
 *(.debug_varnames)

.debug_pubtypes
 *(.debug_pubtypes)

.debug_ranges
 *(.debug_ranges)

.debug_macro
 *(.debug_macro)

.gnu.attributes
 *(.gnu.attributes)

/DISCARD/
 *(.note.GNU-stack)
 *(.gnu_debuglink)
 *(.gnu.lto_*)
OUTPUT(rel/qhsmtst elf64-x86-64)

Cross Reference Table

Symbol                                            File
BSP_display                                       rel/main.o
                                                  rel/qhsmtst.o
BSP_exit                                          rel/main.o
                                                  rel/qhsmtst.o
GLIBC_2.10                                        /usr/lib/libc.so.6
GLIBC_2.11                                        /usr/lib/libpthread.so.0
                                                  /usr/lib/libc.so.6
GLIBC_2.12                                        /usr/lib/libpthread.so.0
                                                  /usr/lib/libc.so.6
GLIBC_2.13                                        /usr/lib/libc.so.6
GLIBC_2.14                                        /usr/lib/libc.so.6
GLIBC_2.15                                        /usr/lib/libc.so.6
GLIBC_2.16                                        /usr/lib/libc.so.6
GLIBC_2.17                                        /usr/lib/libc.so.6
GLIBC_2.18                                        /usr/lib/libpthread.so.0
                                                  /usr/lib/libc.so.6
GLIBC_2.2.5                                       /usr/lib/libpthread.so.0
                                                  /usr/lib/ld-linux-x86-64.so.2
                                                  /usr/lib/libc.so.6
GLIBC_2.2.6                                       /usr/lib/libpthread.so.0
                                                  /usr/lib/libc.so.6
GLIBC_2.3                                         /usr/lib/libc.so.6
                                                  /usr/lib/ld-linux-x86-64.so.2
GLIBC_2.3.2                                       /usr/lib/libpthread.so.0
                                                  /usr/lib/libc.so.6
GLIBC_2.3.3                                       /usr/lib/libpthread.so.0
                                                  /usr/lib/libc.so.6
GLIBC_2.3.4                                       /usr/lib/libpthread.so.0
                                                  /usr/lib/libc.so.6
GLIBC_2.4                                         /usr/lib/libpthread.so.0
                                                  /usr/lib/ld-linux-x86-64.so.2
                                                  /usr/lib/libc.so.6
GLIBC_2.5                                         /usr/lib/libc.so.6
GLIBC_2.6                                         /usr/lib/libc.so.6
GLIBC_2.7                                         /usr/lib/libc.so.6
GLIBC_2.8                                         /usr/lib/libc.so.6
GLIBC_2.9                                         /usr/lib/libc.so.6
GLIBC_PRIVATE                                     /usr/lib/libpthread.so.0
                                                  /usr/lib/ld-linux-x86-64.so.2
                                                  /usr/lib/libc.so.6
QHsmTst_ctor                                      rel/qhsmtst.o
                                                  rel/main.o
QHsm_ctor                                         ../../../ports/posix/rel/libqp.a(qep_hsm.o)
                                                  rel/qhsmtst.o
QHsm_dispatch_                                    ../../../ports/posix/rel/libqp.a(qep_hsm.o)
QHsm_init_                                        ../../../ports/posix/rel/libqp.a(qep_hsm.o)
QHsm_isIn                                         ../../../ports/posix/rel/libqp.a(qep_hsm.o)
QHsm_top                                          ../../../ports/posix/rel/libqp.a(qep_hsm.o)
                                                  rel/qhsmtst.o
QMsm_ctor                                         ../../../ports/posix/rel/libqp.a(qep_msm.o)
QMsm_dispatch_                                    ../../../ports/posix/rel/libqp.a(qep_msm.o)
QMsm_execTatbl_                                   ../../../ports/posix/rel/libqp.a(qep_msm.o)
QMsm_init_                                        ../../../ports/posix/rel/libqp.a(qep_msm.o)
QMsm_isInState                                    ../../../ports/posix/rel/libqp.a(qep_msm.o)
QP_versionStr                                     ../../../ports/posix/rel/libqp.a(qep_msm.o)
                                                  rel/main.o
Q_onAssert                                        rel/main.o
                                                  ../../../ports/posix/rel/libqp.a(qep_msm.o)
                                                  ../../../ports/posix/rel/libqp.a(qep_hsm.o)
_DYNAMIC                                          /usr/lib/gcc/x86_64-unknown-linux-gnu/5.2.0/../../../../lib/crt1.o
_Exit                                             /usr/lib/libc.so.6
_Exit@@GLIBC_2.2.5                                /usr/lib/libc.so.6
_Exit@GLIBC_2.2.5                                 /usr/lib/libc.so.6
_GLOBAL_OFFSET_TABLE_                             /usr/lib/gcc/x86_64-unknown-linux-gnu/5.2.0/../../../../lib/crt1.o
                                                  /usr/lib/libc_nonshared.a(elf-init.oS)
                                                  /usr/lib/gcc/x86_64-unknown-linux-gnu/5.2.0/../../../../lib/crti.o
_IO_fprintf                                       /usr/lib/libc.so.6
_IO_fprintf@@GLIBC_2.2.5                          /usr/lib/libc.so.6
_IO_fprintf@GLIBC_2.2.5                           /usr/lib/libc.so.6
_IO_getc                                          /usr/lib/libc.so.6
                                                  rel/main.o
_IO_getc@@GLIBC_2.2.5                             /usr/lib/libc.so.6
_IO_getc@GLIBC_2.2.5                              /usr/lib/libc.so.6
_IO_stdin_used                                    /usr/lib/gcc/x86_64-unknown-linux-gnu/5.2.0/../../../../lib/crt1.o
_ITM_deregisterTMCloneTable                       /usr/lib/libpthread.so.0
                                                  /usr/lib/gcc/x86_64-unknown-linux-gnu/5.2.0/crtbegin.o
_ITM_registerTMCloneTable                         /usr/lib/libpthread.so.0
                                                  /usr/lib/gcc/x86_64-unknown-linux-gnu/5.2.0/crtbegin.o
_Jv_RegisterClasses                               /usr/lib/libpthread.so.0
                                                  /usr/lib/gcc/x86_64-unknown-linux-gnu/5.2.0/crtbegin.o
__TMC_END__                                       /usr/lib/gcc/x86_64-unknown-linux-gnu/5.2.0/crtend.o
                                                  /usr/lib/gcc/x86_64-unknown-linux-gnu/5.2.0/crtbegin.o
__after_morecore_hook                             /usr/lib/libc.so.6
__after_morecore_hook@@GLIBC_2.2.5                /usr/lib/libc.so.6
__after_morecore_hook@GLIBC_2.2.5                 /usr/lib/libc.so.6
__close                                           /usr/lib/libpthread.so.0
__close@@GLIBC_2.2.5                              /usr/lib/libpthread.so.0
                                                  /usr/lib/libc.so.6
__close@GLIBC_2.2.5                               /usr/lib/libpthread.so.0
__connect                                         /usr/lib/libpthread.so.0
__connect@@GLIBC_2.2.5                            /usr/lib/libpthread.so.0
                                                  /usr/lib/libc.so.6
__connect@GLIBC_2.2.5                             /usr/lib/libpthread.so.0
__ctype_get_mb_cur_max                            /usr/lib/libc.so.6
__ctype_get_mb_cur_max@@GLIBC_2.2.5               /usr/lib/libc.so.6
__ctype_get_mb_cur_max@GLIBC_2.2.5                /usr/lib/libc.so.6
__data_start                                      /usr/lib/gcc/x86_64-unknown-linux-gnu/5.2.0/../../../../lib/crt1.o
__dso_handle                                      /usr/lib/gcc/x86_64-unknown-linux-gnu/5.2.0/crtbegin.o
__fcntl                                           /usr/lib/libpthread.so.0
__fcntl@@GLIBC_2.2.5                              /usr/lib/libpthread.so.0
                                                  /usr/lib/libc.so.6
__fcntl@GLIBC_2.2.5                               /usr/lib/libpthread.so.0
__free_hook                                       /usr/lib/libc.so.6
__free_hook@@GLIBC_2.2.5                          /usr/lib/libc.so.6
__free_hook@GLIBC_2.2.5                           /usr/lib/libc.so.6
__getdelim                                        /usr/lib/libc.so.6
__getdelim@@GLIBC_2.2.5                           /usr/lib/libc.so.6
__getdelim@GLIBC_2.2.5                            /usr/lib/libc.so.6
                                                  /usr/lib/libpthread.so.0
__gmon_start__                                    /usr/lib/gcc/x86_64-unknown-linux-gnu/5.2.0/../../../../lib/crti.o
__init_array_end                                  /usr/lib/libc_nonshared.a(elf-init.oS)
__init_array_start                                /usr/lib/libc_nonshared.a(elf-init.oS)
__isascii_l                                       /usr/lib/libc.so.6
__isascii_l@@GLIBC_2.2.5                          /usr/lib/libc.so.6
__isascii_l@GLIBC_2.2.5                           /usr/lib/libc.so.6
__libc_csu_fini                                   /usr/lib/libc_nonshared.a(elf-init.oS)
                                                  /usr/lib/gcc/x86_64-unknown-linux-gnu/5.2.0/../../../../lib/crt1.o
__libc_csu_init                                   /usr/lib/libc_nonshared.a(elf-init.oS)
                                                  /usr/lib/gcc/x86_64-unknown-linux-gnu/5.2.0/../../../../lib/crt1.o
__libc_secure_getenv                              /usr/lib/libc.so.6
__libc_secure_getenv@@GLIBC_PRIVATE               /usr/lib/libc.so.6
__libc_secure_getenv@GLIBC_PRIVATE                /usr/lib/libc.so.6
__libc_start_main                                 /usr/lib/libc.so.6
                                                  /usr/lib/gcc/x86_64-unknown-linux-gnu/5.2.0/../../../../lib/crt1.o
__libc_start_main@@GLIBC_2.2.5                    /usr/lib/libc.so.6
__libc_start_main@GLIBC_2.2.5                     /usr/lib/libc.so.6
__lseek                                           /usr/lib/libpthread.so.0
__lseek@@GLIBC_2.2.5                              /usr/lib/libpthread.so.0
                                                  /usr/lib/libc.so.6
__lseek@GLIBC_2.2.5                               /usr/lib/libpthread.so.0
__malloc_hook                                     /usr/lib/libc.so.6
__malloc_hook@@GLIBC_2.2.5                        /usr/lib/libc.so.6
__malloc_hook@GLIBC_2.2.5                         /usr/lib/libc.so.6
__malloc_initialize_hook                          /usr/lib/libc.so.6
__malloc_initialize_hook@@GLIBC_2.2.5             /usr/lib/libc.so.6
__malloc_initialize_hook@GLIBC_2.2.5              /usr/lib/libc.so.6
__memalign_hook                                   /usr/lib/libc.so.6
__memalign_hook@@GLIBC_2.2.5                      /usr/lib/libc.so.6
__memalign_hook@GLIBC_2.2.5                       /usr/lib/libc.so.6
__memset_zero_constant_len_parameter              /usr/lib/libc.so.6
__open                                            /usr/lib/libpthread.so.0
__open64                                          /usr/lib/libpthread.so.0
__open64@@GLIBC_2.2.5                             /usr/lib/libpthread.so.0
                                                  /usr/lib/libc.so.6
__open64@GLIBC_2.2.5                              /usr/lib/libpthread.so.0
__open@@GLIBC_2.2.5                               /usr/lib/libpthread.so.0
                                                  /usr/lib/libc.so.6
__open@GLIBC_2.2.5                                /usr/lib/libpthread.so.0
__poll                                            /usr/lib/libc.so.6
__poll@@GLIBC_2.2.5                               /usr/lib/libc.so.6
__poll@GLIBC_2.2.5                                /usr/lib/libc.so.6
__pread64                                         /usr/lib/libpthread.so.0
__pread64@@GLIBC_2.2.5                            /usr/lib/libpthread.so.0
                                                  /usr/lib/libc.so.6
__pread64@GLIBC_2.2.5                             /usr/lib/libpthread.so.0
__pwrite64                                        /usr/lib/libpthread.so.0
__pwrite64@@GLIBC_2.2.5                           /usr/lib/libpthread.so.0
                                                  /usr/lib/libc.so.6
__pwrite64@GLIBC_2.2.5                            /usr/lib/libpthread.so.0
__read                                            /usr/lib/libpthread.so.0
__read@@GLIBC_2.2.5                               /usr/lib/libpthread.so.0
                                                  /usr/lib/libc.so.6
__read@GLIBC_2.2.5                                /usr/lib/libpthread.so.0
__realloc_hook                                    /usr/lib/libc.so.6
__realloc_hook@@GLIBC_2.2.5                       /usr/lib/libc.so.6
__realloc_hook@GLIBC_2.2.5                        /usr/lib/libc.so.6
__secure_getenv@GLIBC_2.2.5                       /usr/lib/libc.so.6
__send                                            /usr/lib/libpthread.so.0
__send@@GLIBC_2.2.5                               /usr/lib/libpthread.so.0
                                                  /usr/lib/libc.so.6
__send@GLIBC_2.2.5                                /usr/lib/libpthread.so.0
__strtoll_l                                       /usr/lib/libc.so.6
__strtoll_l@@GLIBC_2.2.5                          /usr/lib/libc.so.6
__strtoll_l@GLIBC_2.2.5                           /usr/lib/libc.so.6
__strtoull_l                                      /usr/lib/libc.so.6
__strtoull_l@@GLIBC_2.2.5                         /usr/lib/libc.so.6
__strtoull_l@GLIBC_2.2.5                          /usr/lib/libc.so.6
__toascii_l                                       /usr/lib/libc.so.6
__toascii_l@@GLIBC_2.2.5                          /usr/lib/libc.so.6
__toascii_l@GLIBC_2.2.5                           /usr/lib/libc.so.6
__vsnprintf                                       /usr/lib/libc.so.6
__vsnprintf@@GLIBC_2.2.5                          /usr/lib/libc.so.6
__vsnprintf@GLIBC_2.2.5                           /usr/lib/libc.so.6
__vsscanf                                         /usr/lib/libc.so.6
__vsscanf@@GLIBC_2.2.5                            /usr/lib/libc.so.6
__vsscanf@GLIBC_2.2.5                             /usr/lib/libc.so.6
__wait                                            /usr/lib/libpthread.so.0
__wait@@GLIBC_2.2.5                               /usr/lib/libpthread.so.0
                                                  /usr/lib/libc.so.6
__wait@GLIBC_2.2.5                                /usr/lib/libpthread.so.0
__wcstoll_l                                       /usr/lib/libc.so.6
__wcstoll_l@@GLIBC_2.2.5                          /usr/lib/libc.so.6
__wcstoll_l@GLIBC_2.2.5                           /usr/lib/libc.so.6
__wcstoull_l                                      /usr/lib/libc.so.6
__wcstoull_l@@GLIBC_2.2.5                         /usr/lib/libc.so.6
__wcstoull_l@GLIBC_2.2.5                          /usr/lib/libc.so.6
__write                                           /usr/lib/libpthread.so.0
__write@@GLIBC_2.2.5                              /usr/lib/libpthread.so.0
                                                  /usr/lib/libc.so.6
__write@GLIBC_2.2.5                               /usr/lib/libpthread.so.0
__xpg_sigpause                                    /usr/lib/libc.so.6
__xpg_sigpause@@GLIBC_2.2.5                       /usr/lib/libc.so.6
__xpg_sigpause@GLIBC_2.2.5                        /usr/lib/libc.so.6
_dl_starting_up                                   /usr/lib/libc.so.6
_environ                                          /usr/lib/libc.so.6
_environ@@GLIBC_2.2.5                             /usr/lib/libc.so.6
_environ@GLIBC_2.2.5                              /usr/lib/libc.so.6
_fini                                             /usr/lib/gcc/x86_64-unknown-linux-gnu/5.2.0/../../../../lib/crti.o
_flushlbf                                         /usr/lib/libc.so.6
_flushlbf@@GLIBC_2.2.5                            /usr/lib/libc.so.6
_flushlbf@GLIBC_2.2.5                             /usr/lib/libc.so.6
_init                                             /usr/lib/gcc/x86_64-unknown-linux-gnu/5.2.0/../../../../lib/crti.o
                                                  /usr/lib/libc_nonshared.a(elf-init.oS)
_longjmp                                          /usr/lib/libc.so.6
_longjmp@@GLIBC_2.2.5                             /usr/lib/libc.so.6
_longjmp@GLIBC_2.2.5                              /usr/lib/libc.so.6
_start                                            /usr/lib/gcc/x86_64-unknown-linux-gnu/5.2.0/../../../../lib/crt1.o
accept                                            /usr/lib/libpthread.so.0
accept@@GLIBC_2.2.5                               /usr/lib/libpthread.so.0
                                                  /usr/lib/libc.so.6
accept@GLIBC_2.2.5                                /usr/lib/libpthread.so.0
access                                            /usr/lib/libc.so.6
access@@GLIBC_2.2.5                               /usr/lib/libc.so.6
access@GLIBC_2.2.5                                /usr/lib/libc.so.6
addmntent                                         /usr/lib/libc.so.6
addmntent@@GLIBC_2.2.5                            /usr/lib/libc.so.6
addmntent@GLIBC_2.2.5                             /usr/lib/libc.so.6
adjtime                                           /usr/lib/libc.so.6
adjtime@@GLIBC_2.2.5                              /usr/lib/libc.so.6
adjtime@GLIBC_2.2.5                               /usr/lib/libc.so.6
adjtimex                                          /usr/lib/libc.so.6
adjtimex@@GLIBC_2.2.5                             /usr/lib/libc.so.6
adjtimex@GLIBC_2.2.5                              /usr/lib/libc.so.6
advance                                           /usr/lib/libc.so.6
advance@@GLIBC_2.2.5                              /usr/lib/libc.so.6
advance@GLIBC_2.2.5                               /usr/lib/libc.so.6
aligned_alloc                                     /usr/lib/libc.so.6
aligned_alloc@@GLIBC_2.16                         /usr/lib/libc.so.6
aligned_alloc@GLIBC_2.16                          /usr/lib/libc.so.6
alphasort64                                       /usr/lib/libc.so.6
alphasort64@@GLIBC_2.2.5                          /usr/lib/libc.so.6
alphasort64@GLIBC_2.2.5                           /usr/lib/libc.so.6
arch_prctl                                        /usr/lib/libc.so.6
arch_prctl@@GLIBC_2.2.5                           /usr/lib/libc.so.6
arch_prctl@GLIBC_2.2.5                            /usr/lib/libc.so.6
argp_error                                        /usr/lib/libc.so.6
argp_error@@GLIBC_2.2.5                           /usr/lib/libc.so.6
argp_error@GLIBC_2.2.5                            /usr/lib/libc.so.6
argp_failure                                      /usr/lib/libc.so.6
argp_failure@@GLIBC_2.2.5                         /usr/lib/libc.so.6
argp_failure@GLIBC_2.2.5                          /usr/lib/libc.so.6
argp_help                                         /usr/lib/libc.so.6
argp_help@@GLIBC_2.2.5                            /usr/lib/libc.so.6
argp_help@GLIBC_2.2.5                             /usr/lib/libc.so.6
argp_parse                                        /usr/lib/libc.so.6
argp_parse@@GLIBC_2.2.5                           /usr/lib/libc.so.6
argp_parse@GLIBC_2.2.5                            /usr/lib/libc.so.6
argp_state_help                                   /usr/lib/libc.so.6
argp_state_help@@GLIBC_2.2.5                      /usr/lib/libc.so.6
argp_state_help@GLIBC_2.2.5                       /usr/lib/libc.so.6
argp_usage                                        /usr/lib/libc.so.6
argp_usage@@GLIBC_2.2.5                           /usr/lib/libc.so.6
argp_usage@GLIBC_2.2.5                            /usr/lib/libc.so.6
argz_add                                          /usr/lib/libc.so.6
argz_add@@GLIBC_2.2.5                             /usr/lib/libc.so.6
argz_add@GLIBC_2.2.5                              /usr/lib/libc.so.6
argz_add_sep                                      /usr/lib/libc.so.6
argz_add_sep@@GLIBC_2.2.5                         /usr/lib/libc.so.6
argz_add_sep@GLIBC_2.2.5                          /usr/lib/libc.so.6
argz_append                                       /usr/lib/libc.so.6
argz_append@@GLIBC_2.2.5                          /usr/lib/libc.so.6
argz_append@GLIBC_2.2.5                           /usr/lib/libc.so.6
argz_count                                        /usr/lib/libc.so.6
argz_count@@GLIBC_2.2.5                           /usr/lib/libc.so.6
argz_count@GLIBC_2.2.5                            /usr/lib/libc.so.6
argz_create                                       /usr/lib/libc.so.6
argz_create@@GLIBC_2.2.5                          /usr/lib/libc.so.6
argz_create@GLIBC_2.2.5                           /usr/lib/libc.so.6
argz_create_sep                                   /usr/lib/libc.so.6
argz_create_sep@@GLIBC_2.2.5                      /usr/lib/libc.so.6
argz_create_sep@GLIBC_2.2.5                       /usr/lib/libc.so.6
argz_extract                                      /usr/lib/libc.so.6
argz_extract@@GLIBC_2.2.5                         /usr/lib/libc.so.6
argz_extract@GLIBC_2.2.5                          /usr/lib/libc.so.6
argz_insert                                       /usr/lib/libc.so.6
argz_insert@@GLIBC_2.2.5                          /usr/lib/libc.so.6
argz_insert@GLIBC_2.2.5                           /usr/lib/libc.so.6
argz_next                                         /usr/lib/libc.so.6
argz_next@@GLIBC_2.2.5                            /usr/lib/libc.so.6
argz_next@GLIBC_2.2.5                             /usr/lib/libc.so.6
argz_replace                                      /usr/lib/libc.so.6
argz_replace@@GLIBC_2.2.5                         /usr/lib/libc.so.6
argz_replace@GLIBC_2.2.5                          /usr/lib/libc.so.6
argz_stringify                                    /usr/lib/libc.so.6
argz_stringify@@GLIBC_2.2.5                       /usr/lib/libc.so.6
argz_stringify@GLIBC_2.2.5                        /usr/lib/libc.so.6
asctime_r                                         /usr/lib/libc.so.6
asctime_r@@GLIBC_2.2.5                            /usr/lib/libc.so.6
asctime_r@GLIBC_2.2.5                             /usr/lib/libc.so.6
asprintf                                          /usr/lib/libc.so.6
asprintf@@GLIBC_2.2.5                             /usr/lib/libc.so.6
asprintf@GLIBC_2.2.5                              /usr/lib/libc.so.6
backtrace                                         /usr/lib/libc.so.6
backtrace@@GLIBC_2.2.5                            /usr/lib/libc.so.6
backtrace@GLIBC_2.2.5                             /usr/lib/libc.so.6
backtrace_symbols                                 /usr/lib/libc.so.6
backtrace_symbols@@GLIBC_2.2.5                    /usr/lib/libc.so.6
backtrace_symbols@GLIBC_2.2.5                     /usr/lib/libc.so.6
backtrace_symbols_fd                              /usr/lib/libc.so.6
backtrace_symbols_fd@@GLIBC_2.2.5                 /usr/lib/libc.so.6
backtrace_symbols_fd@GLIBC_2.2.5                  /usr/lib/libc.so.6
bcmp                                              /usr/lib/libc.so.6
bcmp@@GLIBC_2.2.5                                 /usr/lib/libc.so.6
bcmp@GLIBC_2.2.5                                  /usr/lib/libc.so.6
bdflush                                           /usr/lib/libc.so.6
bdflush@@GLIBC_2.2.5                              /usr/lib/libc.so.6
bdflush@GLIBC_2.2.5                               /usr/lib/libc.so.6
bind                                              /usr/lib/libc.so.6
bind@@GLIBC_2.2.5                                 /usr/lib/libc.so.6
bind@GLIBC_2.2.5                                  /usr/lib/libc.so.6
bind_textdomain_codeset                           /usr/lib/libc.so.6
bind_textdomain_codeset@@GLIBC_2.2.5              /usr/lib/libc.so.6
bind_textdomain_codeset@GLIBC_2.2.5               /usr/lib/libc.so.6
bindtextdomain                                    /usr/lib/libc.so.6
bindtextdomain@@GLIBC_2.2.5                       /usr/lib/libc.so.6
bindtextdomain@GLIBC_2.2.5                        /usr/lib/libc.so.6
brk                                               /usr/lib/libc.so.6
brk@@GLIBC_2.2.5                                  /usr/lib/libc.so.6
brk@GLIBC_2.2.5                                   /usr/lib/libc.so.6
bsd_signal                                        /usr/lib/libc.so.6
bsd_signal@@GLIBC_2.2.5                           /usr/lib/libc.so.6
bsd_signal@GLIBC_2.2.5                            /usr/lib/libc.so.6
btowc                                             /usr/lib/libc.so.6
btowc@@GLIBC_2.2.5                                /usr/lib/libc.so.6
btowc@GLIBC_2.2.5                                 /usr/lib/libc.so.6
bzero                                             /usr/lib/libc.so.6
bzero@@GLIBC_2.2.5                                /usr/lib/libc.so.6
bzero@GLIBC_2.2.5                                 /usr/lib/libc.so.6
c32rtomb                                          /usr/lib/libc.so.6
c32rtomb@@GLIBC_2.16                              /usr/lib/libc.so.6
c32rtomb@GLIBC_2.16                               /usr/lib/libc.so.6
calloc                                            /usr/lib/libc.so.6
calloc@@GLIBC_2.2.5                               /usr/lib/libc.so.6
                                                  /usr/lib/ld-linux-x86-64.so.2
calloc@GLIBC_2.2.5                                /usr/lib/libc.so.6
                                                  /usr/lib/libpthread.so.0
canonicalize_file_name                            /usr/lib/libc.so.6
canonicalize_file_name@@GLIBC_2.2.5               /usr/lib/libc.so.6
canonicalize_file_name@GLIBC_2.2.5                /usr/lib/libc.so.6
cfree                                             /usr/lib/libc.so.6
cfree@@GLIBC_2.2.5                                /usr/lib/libc.so.6
cfree@GLIBC_2.2.5                                 /usr/lib/libc.so.6
chdir                                             /usr/lib/libc.so.6
chdir@@GLIBC_2.2.5                                /usr/lib/libc.so.6
chdir@GLIBC_2.2.5                                 /usr/lib/libc.so.6
chmod                                             /usr/lib/libc.so.6
chmod@@GLIBC_2.2.5                                /usr/lib/libc.so.6
chmod@GLIBC_2.2.5                                 /usr/lib/libc.so.6
chown                                             /usr/lib/libc.so.6
chown@@GLIBC_2.2.5                                /usr/lib/libc.so.6
chown@GLIBC_2.2.5                                 /usr/lib/libc.so.6
clearenv                                          /usr/lib/libc.so.6
clearenv@@GLIBC_2.2.5                             /usr/lib/libc.so.6
clearenv@GLIBC_2.2.5                              /usr/lib/libc.so.6
clock_getcpuclockid                               /usr/lib/libc.so.6
clock_getcpuclockid@@GLIBC_2.17                   /usr/lib/libc.so.6
clock_getcpuclockid@GLIBC_2.17                    /usr/lib/libc.so.6
clock_getres                                      /usr/lib/libc.so.6
clock_getres@@GLIBC_2.17                          /usr/lib/libc.so.6
clock_getres@GLIBC_2.17                           /usr/lib/libc.so.6
clock_gettime                                     /usr/lib/libc.so.6
clock_gettime@@GLIBC_2.17                         /usr/lib/libc.so.6
clock_gettime@GLIBC_2.17                          /usr/lib/libc.so.6
clock_nanosleep                                   /usr/lib/libc.so.6
clock_nanosleep@@GLIBC_2.17                       /usr/lib/libc.so.6
clock_nanosleep@GLIBC_2.17                        /usr/lib/libc.so.6
clock_settime                                     /usr/lib/libc.so.6
clock_settime@@GLIBC_2.17                         /usr/lib/libc.so.6
clock_settime@GLIBC_2.17                          /usr/lib/libc.so.6
clone                                             /usr/lib/libc.so.6
clone@@GLIBC_2.2.5                                /usr/lib/libc.so.6
clone@GLIBC_2.2.5                                 /usr/lib/libc.so.6
close                                             /usr/lib/libpthread.so.0
close@@GLIBC_2.2.5                                /usr/lib/libpthread.so.0
                                                  /usr/lib/libc.so.6
close@GLIBC_2.2.5                                 /usr/lib/libpthread.so.0
closedir                                          /usr/lib/libc.so.6
closedir@@GLIBC_2.2.5                             /usr/lib/libc.so.6
closedir@GLIBC_2.2.5                              /usr/lib/libc.so.6
connect                                           /usr/lib/libpthread.so.0
connect@@GLIBC_2.2.5                              /usr/lib/libpthread.so.0
                                                  /usr/lib/libc.so.6
connect@GLIBC_2.2.5                               /usr/lib/libpthread.so.0
copysign                                          /usr/lib/libc.so.6
copysign@@GLIBC_2.2.5                             /usr/lib/libc.so.6
copysign@GLIBC_2.2.5                              /usr/lib/libc.so.6
copysignf                                         /usr/lib/libc.so.6
copysignf@@GLIBC_2.2.5                            /usr/lib/libc.so.6
copysignf@GLIBC_2.2.5                             /usr/lib/libc.so.6
copysignl                                         /usr/lib/libc.so.6
copysignl@@GLIBC_2.2.5                            /usr/lib/libc.so.6
copysignl@GLIBC_2.2.5                             /usr/lib/libc.so.6
creat64                                           /usr/lib/libc.so.6
creat64@@GLIBC_2.2.5                              /usr/lib/libc.so.6
creat64@GLIBC_2.2.5                               /usr/lib/libc.so.6
data_start                                        /usr/lib/gcc/x86_64-unknown-linux-gnu/5.2.0/../../../../lib/crt1.o
daylight                                          /usr/lib/libc.so.6
daylight@@GLIBC_2.2.5                             /usr/lib/libc.so.6
daylight@GLIBC_2.2.5                              /usr/lib/libc.so.6
dcgettext                                         /usr/lib/libc.so.6
dcgettext@@GLIBC_2.2.5                            /usr/lib/libc.so.6
dcgettext@GLIBC_2.2.5                             /usr/lib/libc.so.6
dcngettext                                        /usr/lib/libc.so.6
dcngettext@@GLIBC_2.2.5                           /usr/lib/libc.so.6
dcngettext@GLIBC_2.2.5                            /usr/lib/libc.so.6
dgettext                                          /usr/lib/libc.so.6
dgettext@@GLIBC_2.2.5                             /usr/lib/libc.so.6
dgettext@GLIBC_2.2.5                              /usr/lib/libc.so.6
dl_iterate_phdr                                   /usr/lib/libc.so.6
dl_iterate_phdr@@GLIBC_2.2.5                      /usr/lib/libc.so.6
dl_iterate_phdr@GLIBC_2.2.5                       /usr/lib/libc.so.6
dngettext                                         /usr/lib/libc.so.6
dngettext@@GLIBC_2.2.5                            /usr/lib/libc.so.6
dngettext@GLIBC_2.2.5                             /usr/lib/libc.so.6
dup                                               /usr/lib/libc.so.6
dup2                                              /usr/lib/libc.so.6
dup2@@GLIBC_2.2.5                                 /usr/lib/libc.so.6
dup2@GLIBC_2.2.5                                  /usr/lib/libc.so.6
dup3                                              /usr/lib/libc.so.6
dup3@@GLIBC_2.9                                   /usr/lib/libc.so.6
dup3@GLIBC_2.9                                    /usr/lib/libc.so.6
dup@@GLIBC_2.2.5                                  /usr/lib/libc.so.6
dup@GLIBC_2.2.5                                   /usr/lib/libc.so.6
duplocale                                         /usr/lib/libc.so.6
duplocale@@GLIBC_2.3                              /usr/lib/libc.so.6
duplocale@GLIBC_2.3                               /usr/lib/libc.so.6
eaccess                                           /usr/lib/libc.so.6
eaccess@@GLIBC_2.4                                /usr/lib/libc.so.6
eaccess@GLIBC_2.4                                 /usr/lib/libc.so.6
endmntent                                         /usr/lib/libc.so.6
endmntent@@GLIBC_2.2.5                            /usr/lib/libc.so.6
endmntent@GLIBC_2.2.5                             /usr/lib/libc.so.6
endutent                                          /usr/lib/libc.so.6
endutent@@GLIBC_2.2.5                             /usr/lib/libc.so.6
endutent@GLIBC_2.2.5                              /usr/lib/libc.so.6
environ                                           /usr/lib/libc.so.6
environ@@GLIBC_2.2.5                              /usr/lib/libc.so.6
environ@GLIBC_2.2.5                               /usr/lib/libc.so.6
erand48_r                                         /usr/lib/libc.so.6
erand48_r@@GLIBC_2.2.5                            /usr/lib/libc.so.6
erand48_r@GLIBC_2.2.5                             /usr/lib/libc.so.6
error                                             /usr/lib/libc.so.6
error@@GLIBC_2.2.5                                /usr/lib/libc.so.6
error@GLIBC_2.2.5                                 /usr/lib/libc.so.6
error_at_line                                     /usr/lib/libc.so.6
error_at_line@@GLIBC_2.2.5                        /usr/lib/libc.so.6
error_at_line@GLIBC_2.2.5                         /usr/lib/libc.so.6
euidaccess                                        /usr/lib/libc.so.6
euidaccess@@GLIBC_2.2.5                           /usr/lib/libc.so.6
euidaccess@GLIBC_2.2.5                            /usr/lib/libc.so.6
execve                                            /usr/lib/libc.so.6
execve@@GLIBC_2.2.5                               /usr/lib/libc.so.6
execve@GLIBC_2.2.5                                /usr/lib/libc.so.6
execvpe                                           /usr/lib/libc.so.6
execvpe@@GLIBC_2.11                               /usr/lib/libc.so.6
execvpe@GLIBC_2.11                                /usr/lib/libc.so.6
exit                                              /usr/lib/libc.so.6
                                                  rel/main.o
exit@@GLIBC_2.2.5                                 /usr/lib/libc.so.6
exit@GLIBC_2.2.5                                  /usr/lib/libc.so.6
                                                  /usr/lib/libpthread.so.0
fchdir                                            /usr/lib/libc.so.6
fchdir@@GLIBC_2.2.5                               /usr/lib/libc.so.6
fchdir@GLIBC_2.2.5                                /usr/lib/libc.so.6
fchmod                                            /usr/lib/libc.so.6
fchmod@@GLIBC_2.2.5                               /usr/lib/libc.so.6
fchmod@GLIBC_2.2.5                                /usr/lib/libc.so.6
fchown                                            /usr/lib/libc.so.6
fchown@@GLIBC_2.2.5                               /usr/lib/libc.so.6
fchown@GLIBC_2.2.5                                /usr/lib/libc.so.6
fclose                                            /usr/lib/libc.so.6
                                                  rel/main.o
fclose@@GLIBC_2.2.5                               /usr/lib/libc.so.6
fclose@GLIBC_2.2.5                                /usr/lib/libc.so.6
                                                  /usr/lib/libpthread.so.0
fcloseall                                         /usr/lib/libc.so.6
fcloseall@@GLIBC_2.2.5                            /usr/lib/libc.so.6
fcloseall@GLIBC_2.2.5                             /usr/lib/libc.so.6
fcntl                                             /usr/lib/libpthread.so.0
fcntl@@GLIBC_2.2.5                                /usr/lib/libpthread.so.0
                                                  /usr/lib/libc.so.6
fcntl@GLIBC_2.2.5                                 /usr/lib/libpthread.so.0
fdopendir                                         /usr/lib/libc.so.6
fdopendir@@GLIBC_2.4                              /usr/lib/libc.so.6
fdopendir@GLIBC_2.4                               /usr/lib/libc.so.6
feof                                              /usr/lib/libc.so.6
feof@@GLIBC_2.2.5                                 /usr/lib/libc.so.6
feof@GLIBC_2.2.5                                  /usr/lib/libc.so.6
ferror                                            /usr/lib/libc.so.6
ferror@@GLIBC_2.2.5                               /usr/lib/libc.so.6
ferror@GLIBC_2.2.5                                /usr/lib/libc.so.6
fflush                                            /usr/lib/libc.so.6
                                                  rel/main.o
fflush@@GLIBC_2.2.5                               /usr/lib/libc.so.6
fflush@GLIBC_2.2.5                                /usr/lib/libc.so.6
ffsl                                              /usr/lib/libc.so.6
ffsl@@GLIBC_2.2.5                                 /usr/lib/libc.so.6
ffsl@GLIBC_2.2.5                                  /usr/lib/libc.so.6
fgetc                                             /usr/lib/libc.so.6
fgetc@@GLIBC_2.2.5                                /usr/lib/libc.so.6
fgetc@GLIBC_2.2.5                                 /usr/lib/libc.so.6
fgetc_unlocked                                    /usr/lib/libc.so.6
fgetc_unlocked@@GLIBC_2.2.5                       /usr/lib/libc.so.6
fgetc_unlocked@GLIBC_2.2.5                        /usr/lib/libc.so.6
fgetgrent_r                                       /usr/lib/libc.so.6
fgetgrent_r@@GLIBC_2.2.5                          /usr/lib/libc.so.6
fgetgrent_r@GLIBC_2.2.5                           /usr/lib/libc.so.6
fgetpwent_r                                       /usr/lib/libc.so.6
fgetpwent_r@@GLIBC_2.2.5                          /usr/lib/libc.so.6
fgetpwent_r@GLIBC_2.2.5                           /usr/lib/libc.so.6
fgets                                             /usr/lib/libc.so.6
fgets@@GLIBC_2.2.5                                /usr/lib/libc.so.6
fgets@GLIBC_2.2.5                                 /usr/lib/libc.so.6
fgets_unlocked                                    /usr/lib/libc.so.6
fgets_unlocked@@GLIBC_2.2.5                       /usr/lib/libc.so.6
fgets_unlocked@GLIBC_2.2.5                        /usr/lib/libc.so.6
fgetsgent_r                                       /usr/lib/libc.so.6
fgetsgent_r@@GLIBC_2.10                           /usr/lib/libc.so.6
fgetsgent_r@GLIBC_2.10                            /usr/lib/libc.so.6
fgetspent_r                                       /usr/lib/libc.so.6
fgetspent_r@@GLIBC_2.2.5                          /usr/lib/libc.so.6
fgetspent_r@GLIBC_2.2.5                           /usr/lib/libc.so.6
fgetwc                                            /usr/lib/libc.so.6
fgetwc@@GLIBC_2.2.5                               /usr/lib/libc.so.6
fgetwc@GLIBC_2.2.5                                /usr/lib/libc.so.6
fgetwc_unlocked                                   /usr/lib/libc.so.6
fgetwc_unlocked@@GLIBC_2.2.5                      /usr/lib/libc.so.6
fgetwc_unlocked@GLIBC_2.2.5                       /usr/lib/libc.so.6
fileno                                            /usr/lib/libc.so.6
fileno@@GLIBC_2.2.5                               /usr/lib/libc.so.6
fileno@GLIBC_2.2.5                                /usr/lib/libc.so.6
fileno_unlocked                                   /usr/lib/libc.so.6
fileno_unlocked@@GLIBC_2.2.5                      /usr/lib/libc.so.6
fileno_unlocked@GLIBC_2.2.5                       /usr/lib/libc.so.6
finite                                            /usr/lib/libc.so.6
finite@@GLIBC_2.2.5                               /usr/lib/libc.so.6
finite@GLIBC_2.2.5                                /usr/lib/libc.so.6
finitef                                           /usr/lib/libc.so.6
finitef@@GLIBC_2.2.5                              /usr/lib/libc.so.6
finitef@GLIBC_2.2.5                               /usr/lib/libc.so.6
finitel                                           /usr/lib/libc.so.6
finitel@@GLIBC_2.2.5                              /usr/lib/libc.so.6
finitel@GLIBC_2.2.5                               /usr/lib/libc.so.6
flock                                             /usr/lib/libc.so.6
flock@@GLIBC_2.2.5                                /usr/lib/libc.so.6
flock@GLIBC_2.2.5                                 /usr/lib/libc.so.6
flockfile                                         /usr/lib/libpthread.so.0
flockfile@@GLIBC_2.2.5                            /usr/lib/libpthread.so.0
                                                  /usr/lib/libc.so.6
flockfile@GLIBC_2.2.5                             /usr/lib/libpthread.so.0
fopen                                             /usr/lib/libc.so.6
                                                  rel/main.o
fopen64                                           /usr/lib/libc.so.6
fopen64@@GLIBC_2.2.5                              /usr/lib/libc.so.6
fopen64@GLIBC_2.2.5                               /usr/lib/libc.so.6
fopen@@GLIBC_2.2.5                                /usr/lib/libc.so.6
fopen@GLIBC_2.2.5                                 /usr/lib/libc.so.6
                                                  /usr/lib/libpthread.so.0
fpathconf                                         /usr/lib/libc.so.6
fpathconf@@GLIBC_2.2.5                            /usr/lib/libc.so.6
fpathconf@GLIBC_2.2.5                             /usr/lib/libc.so.6
fprintf                                           /usr/lib/libc.so.6
                                                  rel/main.o
fprintf@@GLIBC_2.2.5                              /usr/lib/libc.so.6
fprintf@GLIBC_2.2.5                               /usr/lib/libc.so.6
fputs                                             /usr/lib/libc.so.6
fputs@@GLIBC_2.2.5                                /usr/lib/libc.so.6
fputs@GLIBC_2.2.5                                 /usr/lib/libc.so.6
fread                                             /usr/lib/libc.so.6
fread@@GLIBC_2.2.5                                /usr/lib/libc.so.6
fread@GLIBC_2.2.5                                 /usr/lib/libc.so.6
fread_unlocked                                    /usr/lib/libc.so.6
fread_unlocked@@GLIBC_2.2.5                       /usr/lib/libc.so.6
fread_unlocked@GLIBC_2.2.5                        /usr/lib/libc.so.6
freeifaddrs                                       /usr/lib/libc.so.6
freeifaddrs@@GLIBC_2.3                            /usr/lib/libc.so.6
freeifaddrs@GLIBC_2.3                             /usr/lib/libc.so.6
freelocale                                        /usr/lib/libc.so.6
freelocale@@GLIBC_2.3                             /usr/lib/libc.so.6
freelocale@GLIBC_2.3                              /usr/lib/libc.so.6
frexp                                             /usr/lib/libc.so.6
frexp@@GLIBC_2.2.5                                /usr/lib/libc.so.6
frexp@GLIBC_2.2.5                                 /usr/lib/libc.so.6
frexpf                                            /usr/lib/libc.so.6
frexpf@@GLIBC_2.2.5                               /usr/lib/libc.so.6
frexpf@GLIBC_2.2.5                                /usr/lib/libc.so.6
frexpl                                            /usr/lib/libc.so.6
frexpl@@GLIBC_2.2.5                               /usr/lib/libc.so.6
frexpl@GLIBC_2.2.5                                /usr/lib/libc.so.6
fseeko64                                          /usr/lib/libc.so.6
fseeko64@@GLIBC_2.2.5                             /usr/lib/libc.so.6
fseeko64@GLIBC_2.2.5                              /usr/lib/libc.so.6
fstatfs                                           /usr/lib/libc.so.6
fstatfs64                                         /usr/lib/libc.so.6
fstatfs64@@GLIBC_2.2.5                            /usr/lib/libc.so.6
fstatfs64@GLIBC_2.2.5                             /usr/lib/libc.so.6
fstatfs@@GLIBC_2.2.5                              /usr/lib/libc.so.6
fstatfs@GLIBC_2.2.5                               /usr/lib/libc.so.6
fstatvfs64                                        /usr/lib/libc.so.6
fstatvfs64@@GLIBC_2.2.5                           /usr/lib/libc.so.6
fstatvfs64@GLIBC_2.2.5                            /usr/lib/libc.so.6
fsync                                             /usr/lib/libpthread.so.0
fsync@@GLIBC_2.2.5                                /usr/lib/libpthread.so.0
                                                  /usr/lib/libc.so.6
fsync@GLIBC_2.2.5                                 /usr/lib/libpthread.so.0
ftell                                             /usr/lib/libc.so.6
ftell@@GLIBC_2.2.5                                /usr/lib/libc.so.6
ftell@GLIBC_2.2.5                                 /usr/lib/libc.so.6
ftello                                            /usr/lib/libc.so.6
ftello64                                          /usr/lib/libc.so.6
ftello64@@GLIBC_2.2.5                             /usr/lib/libc.so.6
ftello64@GLIBC_2.2.5                              /usr/lib/libc.so.6
ftello@@GLIBC_2.2.5                               /usr/lib/libc.so.6
ftello@GLIBC_2.2.5                                /usr/lib/libc.so.6
ftruncate                                         /usr/lib/libc.so.6
ftruncate64                                       /usr/lib/libc.so.6
ftruncate64@@GLIBC_2.2.5                          /usr/lib/libc.so.6
ftruncate64@GLIBC_2.2.5                           /usr/lib/libc.so.6
ftruncate@@GLIBC_2.2.5                            /usr/lib/libc.so.6
ftruncate@GLIBC_2.2.5                             /usr/lib/libc.so.6
ftrylockfile                                      /usr/lib/libpthread.so.0
ftrylockfile@@GLIBC_2.2.5                         /usr/lib/libpthread.so.0
                                                  /usr/lib/libc.so.6
ftrylockfile@GLIBC_2.2.5                          /usr/lib/libpthread.so.0
ftw64                                             /usr/lib/libc.so.6
ftw64@@GLIBC_2.2.5                                /usr/lib/libc.so.6
ftw64@GLIBC_2.2.5                                 /usr/lib/libc.so.6
funlockfile                                       /usr/lib/libpthread.so.0
funlockfile@@GLIBC_2.2.5                          /usr/lib/libpthread.so.0
                                                  /usr/lib/libc.so.6
funlockfile@GLIBC_2.2.5                           /usr/lib/libpthread.so.0
futimes                                           /usr/lib/libc.so.6
futimes@@GLIBC_2.3                                /usr/lib/libc.so.6
futimes@GLIBC_2.3                                 /usr/lib/libc.so.6
fwprintf                                          /usr/lib/libc.so.6
fwprintf@@GLIBC_2.2.5                             /usr/lib/libc.so.6
fwprintf@GLIBC_2.2.5                              /usr/lib/libc.so.6
fwrite                                            /usr/lib/libc.so.6
fwrite@@GLIBC_2.2.5                               /usr/lib/libc.so.6
fwrite@GLIBC_2.2.5                                /usr/lib/libc.so.6
get_avphys_pages                                  /usr/lib/libc.so.6
get_avphys_pages@@GLIBC_2.2.5                     /usr/lib/libc.so.6
get_avphys_pages@GLIBC_2.2.5                      /usr/lib/libc.so.6
get_nprocs                                        /usr/lib/libc.so.6
get_nprocs@@GLIBC_2.2.5                           /usr/lib/libc.so.6
get_nprocs@GLIBC_2.2.5                            /usr/lib/libc.so.6
get_nprocs_conf                                   /usr/lib/libc.so.6
get_nprocs_conf@@GLIBC_2.2.5                      /usr/lib/libc.so.6
get_nprocs_conf@GLIBC_2.2.5                       /usr/lib/libc.so.6
get_phys_pages                                    /usr/lib/libc.so.6
get_phys_pages@@GLIBC_2.2.5                       /usr/lib/libc.so.6
get_phys_pages@GLIBC_2.2.5                        /usr/lib/libc.so.6
getauxval                                         /usr/lib/libc.so.6
getauxval@@GLIBC_2.16                             /usr/lib/libc.so.6
getauxval@GLIBC_2.16                              /usr/lib/libc.so.6
getc                                              /usr/lib/libc.so.6
getc@@GLIBC_2.2.5                                 /usr/lib/libc.so.6
getc@GLIBC_2.2.5                                  /usr/lib/libc.so.6
getc_unlocked                                     /usr/lib/libc.so.6
getc_unlocked@@GLIBC_2.2.5                        /usr/lib/libc.so.6
getc_unlocked@GLIBC_2.2.5                         /usr/lib/libc.so.6
getcontext                                        /usr/lib/libc.so.6
getcontext@@GLIBC_2.2.5                           /usr/lib/libc.so.6
getcontext@GLIBC_2.2.5                            /usr/lib/libc.so.6
getcwd                                            /usr/lib/libc.so.6
getcwd@@GLIBC_2.2.5                               /usr/lib/libc.so.6
getcwd@GLIBC_2.2.5                                /usr/lib/libc.so.6
getdate_r                                         /usr/lib/libc.so.6
getdate_r@@GLIBC_2.2.5                            /usr/lib/libc.so.6
getdate_r@GLIBC_2.2.5                             /usr/lib/libc.so.6
getdelim                                          /usr/lib/libc.so.6
getdelim@@GLIBC_2.2.5                             /usr/lib/libc.so.6
getdelim@GLIBC_2.2.5                              /usr/lib/libc.so.6
getdirentries64                                   /usr/lib/libc.so.6
getdirentries64@@GLIBC_2.2.5                      /usr/lib/libc.so.6
getdirentries64@GLIBC_2.2.5                       /usr/lib/libc.so.6
getdtablesize                                     /usr/lib/libc.so.6
getdtablesize@@GLIBC_2.2.5                        /usr/lib/libc.so.6
getdtablesize@GLIBC_2.2.5                         /usr/lib/libc.so.6
getegid                                           /usr/lib/libc.so.6
getegid@@GLIBC_2.2.5                              /usr/lib/libc.so.6
getegid@GLIBC_2.2.5                               /usr/lib/libc.so.6
geteuid                                           /usr/lib/libc.so.6
geteuid@@GLIBC_2.2.5                              /usr/lib/libc.so.6
geteuid@GLIBC_2.2.5                               /usr/lib/libc.so.6
getgid                                            /usr/lib/libc.so.6
getgid@@GLIBC_2.2.5                               /usr/lib/libc.so.6
getgid@GLIBC_2.2.5                                /usr/lib/libc.so.6
getgroups                                         /usr/lib/libc.so.6
getgroups@@GLIBC_2.2.5                            /usr/lib/libc.so.6
getgroups@GLIBC_2.2.5                             /usr/lib/libc.so.6
gethostname                                       /usr/lib/libc.so.6
gethostname@@GLIBC_2.2.5                          /usr/lib/libc.so.6
gethostname@GLIBC_2.2.5                           /usr/lib/libc.so.6
getifaddrs                                        /usr/lib/libc.so.6
getifaddrs@@GLIBC_2.3                             /usr/lib/libc.so.6
getifaddrs@GLIBC_2.3                              /usr/lib/libc.so.6
getitimer                                         /usr/lib/libc.so.6
getitimer@@GLIBC_2.2.5                            /usr/lib/libc.so.6
getitimer@GLIBC_2.2.5                             /usr/lib/libc.so.6
getline                                           /usr/lib/libc.so.6
getline@@GLIBC_2.2.5                              /usr/lib/libc.so.6
getline@GLIBC_2.2.5                               /usr/lib/libc.so.6
getmntent_r                                       /usr/lib/libc.so.6
getmntent_r@@GLIBC_2.2.5                          /usr/lib/libc.so.6
getmntent_r@GLIBC_2.2.5                           /usr/lib/libc.so.6
getnetgrent_r                                     /usr/lib/libc.so.6
getnetgrent_r@@GLIBC_2.2.5                        /usr/lib/libc.so.6
getnetgrent_r@GLIBC_2.2.5                         /usr/lib/libc.so.6
getpagesize                                       /usr/lib/libc.so.6
getpagesize@@GLIBC_2.2.5                          /usr/lib/libc.so.6
getpagesize@GLIBC_2.2.5                           /usr/lib/libc.so.6
getpeername                                       /usr/lib/libc.so.6
getpeername@@GLIBC_2.2.5                          /usr/lib/libc.so.6
getpeername@GLIBC_2.2.5                           /usr/lib/libc.so.6
getpgid                                           /usr/lib/libc.so.6
getpgid@@GLIBC_2.2.5                              /usr/lib/libc.so.6
getpgid@GLIBC_2.2.5                               /usr/lib/libc.so.6
getppid                                           /usr/lib/libc.so.6
getppid@@GLIBC_2.2.5                              /usr/lib/libc.so.6
getppid@GLIBC_2.2.5                               /usr/lib/libc.so.6
getpt                                             /usr/lib/libc.so.6
getpt@@GLIBC_2.2.5                                /usr/lib/libc.so.6
getpt@GLIBC_2.2.5                                 /usr/lib/libc.so.6
getpw                                             /usr/lib/libc.so.6
getpw@@GLIBC_2.2.5                                /usr/lib/libc.so.6
getpw@GLIBC_2.2.5                                 /usr/lib/libc.so.6
getrlimit                                         /usr/lib/libc.so.6
getrlimit64                                       /usr/lib/libc.so.6
getrlimit64@@GLIBC_2.2.5                          /usr/lib/libc.so.6
getrlimit64@GLIBC_2.2.5                           /usr/lib/libc.so.6
getrlimit@@GLIBC_2.2.5                            /usr/lib/libc.so.6
getrlimit@GLIBC_2.2.5                             /usr/lib/libc.so.6
                                                  /usr/lib/libpthread.so.0
getrusage                                         /usr/lib/libc.so.6
getrusage@@GLIBC_2.2.5                            /usr/lib/libc.so.6
getrusage@GLIBC_2.2.5                             /usr/lib/libc.so.6
gets                                              /usr/lib/libc.so.6
gets@@GLIBC_2.2.5                                 /usr/lib/libc.so.6
gets@GLIBC_2.2.5                                  /usr/lib/libc.so.6
getsockname                                       /usr/lib/libc.so.6
getsockname@@GLIBC_2.2.5                          /usr/lib/libc.so.6
getsockname@GLIBC_2.2.5                           /usr/lib/libc.so.6
getsockopt                                        /usr/lib/libc.so.6
getsockopt@@GLIBC_2.2.5                           /usr/lib/libc.so.6
getsockopt@GLIBC_2.2.5                            /usr/lib/libc.so.6
gettext                                           /usr/lib/libc.so.6
gettext@@GLIBC_2.2.5                              /usr/lib/libc.so.6
gettext@GLIBC_2.2.5                               /usr/lib/libc.so.6
gettimeofday                                      /usr/lib/libc.so.6
gettimeofday@@GLIBC_2.2.5                         /usr/lib/libc.so.6
gettimeofday@GLIBC_2.2.5                          /usr/lib/libc.so.6
getuid                                            /usr/lib/libc.so.6
getuid@@GLIBC_2.2.5                               /usr/lib/libc.so.6
getuid@GLIBC_2.2.5                                /usr/lib/libc.so.6
                                                  /usr/lib/libpthread.so.0
getutent                                          /usr/lib/libc.so.6
getutent@@GLIBC_2.2.5                             /usr/lib/libc.so.6
getutent@GLIBC_2.2.5                              /usr/lib/libc.so.6
getutent_r                                        /usr/lib/libc.so.6
getutent_r@@GLIBC_2.2.5                           /usr/lib/libc.so.6
getutent_r@GLIBC_2.2.5                            /usr/lib/libc.so.6
getutid                                           /usr/lib/libc.so.6
getutid@@GLIBC_2.2.5                              /usr/lib/libc.so.6
getutid@GLIBC_2.2.5                               /usr/lib/libc.so.6
getutid_r                                         /usr/lib/libc.so.6
getutid_r@@GLIBC_2.2.5                            /usr/lib/libc.so.6
getutid_r@GLIBC_2.2.5                             /usr/lib/libc.so.6
getutline                                         /usr/lib/libc.so.6
getutline@@GLIBC_2.2.5                            /usr/lib/libc.so.6
getutline@GLIBC_2.2.5                             /usr/lib/libc.so.6
getutline_r                                       /usr/lib/libc.so.6
getutline_r@@GLIBC_2.2.5                          /usr/lib/libc.so.6
getutline_r@GLIBC_2.2.5                           /usr/lib/libc.so.6
getwc                                             /usr/lib/libc.so.6
getwc@@GLIBC_2.2.5                                /usr/lib/libc.so.6
getwc@GLIBC_2.2.5                                 /usr/lib/libc.so.6
getwc_unlocked                                    /usr/lib/libc.so.6
getwc_unlocked@@GLIBC_2.2.5                       /usr/lib/libc.so.6
getwc_unlocked@GLIBC_2.2.5                        /usr/lib/libc.so.6
glob64                                            /usr/lib/libc.so.6
glob64@@GLIBC_2.2.5                               /usr/lib/libc.so.6
glob64@GLIBC_2.2.5                                /usr/lib/libc.so.6
glob_pattern_p                                    /usr/lib/libc.so.6
glob_pattern_p@@GLIBC_2.2.5                       /usr/lib/libc.so.6
glob_pattern_p@GLIBC_2.2.5                        /usr/lib/libc.so.6
globfree64                                        /usr/lib/libc.so.6
globfree64@@GLIBC_2.2.5                           /usr/lib/libc.so.6
globfree64@GLIBC_2.2.5                            /usr/lib/libc.so.6
gmtime_r                                          /usr/lib/libc.so.6
gmtime_r@@GLIBC_2.2.5                             /usr/lib/libc.so.6
gmtime_r@GLIBC_2.2.5                              /usr/lib/libc.so.6
gnu_get_libc_release                              /usr/lib/libc.so.6
gnu_get_libc_release@@GLIBC_2.2.5                 /usr/lib/libc.so.6
gnu_get_libc_release@GLIBC_2.2.5                  /usr/lib/libc.so.6
gnu_get_libc_version                              /usr/lib/libc.so.6
gnu_get_libc_version@@GLIBC_2.2.5                 /usr/lib/libc.so.6
gnu_get_libc_version@GLIBC_2.2.5                  /usr/lib/libc.so.6
group_member                                      /usr/lib/libc.so.6
group_member@@GLIBC_2.2.5                         /usr/lib/libc.so.6
group_member@GLIBC_2.2.5                          /usr/lib/libc.so.6
gsignal                                           /usr/lib/libc.so.6
gsignal@@GLIBC_2.2.5                              /usr/lib/libc.so.6
gsignal@GLIBC_2.2.5                               /usr/lib/libc.so.6
hasmntopt                                         /usr/lib/libc.so.6
hasmntopt@@GLIBC_2.2.5                            /usr/lib/libc.so.6
hasmntopt@GLIBC_2.2.5                             /usr/lib/libc.so.6
hdestroy                                          /usr/lib/libc.so.6
hdestroy@@GLIBC_2.2.5                             /usr/lib/libc.so.6
hdestroy@GLIBC_2.2.5                              /usr/lib/libc.so.6
if_freenameindex                                  /usr/lib/libc.so.6
if_freenameindex@@GLIBC_2.2.5                     /usr/lib/libc.so.6
if_freenameindex@GLIBC_2.2.5                      /usr/lib/libc.so.6
if_indextoname                                    /usr/lib/libc.so.6
if_indextoname@@GLIBC_2.2.5                       /usr/lib/libc.so.6
if_indextoname@GLIBC_2.2.5                        /usr/lib/libc.so.6
if_nameindex                                      /usr/lib/libc.so.6
if_nameindex@@GLIBC_2.2.5                         /usr/lib/libc.so.6
if_nameindex@GLIBC_2.2.5                          /usr/lib/libc.so.6
if_nametoindex                                    /usr/lib/libc.so.6
if_nametoindex@@GLIBC_2.2.5                       /usr/lib/libc.so.6
if_nametoindex@GLIBC_2.2.5                        /usr/lib/libc.so.6
imaxabs                                           /usr/lib/libc.so.6
imaxabs@@GLIBC_2.2.5                              /usr/lib/libc.so.6
imaxabs@GLIBC_2.2.5                               /usr/lib/libc.so.6
imaxdiv                                           /usr/lib/libc.so.6
imaxdiv@@GLIBC_2.2.5                              /usr/lib/libc.so.6
imaxdiv@GLIBC_2.2.5                               /usr/lib/libc.so.6
index                                             /usr/lib/libc.so.6
index@@GLIBC_2.2.5                                /usr/lib/libc.so.6
index@GLIBC_2.2.5                                 /usr/lib/libc.so.6
inet_addr                                         /usr/lib/libc.so.6
inet_addr@@GLIBC_2.2.5                            /usr/lib/libc.so.6
inet_addr@GLIBC_2.2.5                             /usr/lib/libc.so.6
inet_aton                                         /usr/lib/libc.so.6
inet_aton@@GLIBC_2.2.5                            /usr/lib/libc.so.6
inet_aton@GLIBC_2.2.5                             /usr/lib/libc.so.6
inet_makeaddr                                     /usr/lib/libc.so.6
inet_makeaddr@@GLIBC_2.2.5                        /usr/lib/libc.so.6
inet_makeaddr@GLIBC_2.2.5                         /usr/lib/libc.so.6
inet_pton                                         /usr/lib/libc.so.6
inet_pton@@GLIBC_2.2.5                            /usr/lib/libc.so.6
inet_pton@GLIBC_2.2.5                             /usr/lib/libc.so.6
initstate                                         /usr/lib/libc.so.6
initstate@@GLIBC_2.2.5                            /usr/lib/libc.so.6
initstate@GLIBC_2.2.5                             /usr/lib/libc.so.6
initstate_r                                       /usr/lib/libc.so.6
initstate_r@@GLIBC_2.2.5                          /usr/lib/libc.so.6
initstate_r@GLIBC_2.2.5                           /usr/lib/libc.so.6
ioctl                                             /usr/lib/libc.so.6
ioctl@@GLIBC_2.2.5                                /usr/lib/libc.so.6
ioctl@GLIBC_2.2.5                                 /usr/lib/libc.so.6
isalnum_l                                         /usr/lib/libc.so.6
isalnum_l@@GLIBC_2.3                              /usr/lib/libc.so.6
isalnum_l@GLIBC_2.3                               /usr/lib/libc.so.6
isalpha_l                                         /usr/lib/libc.so.6
isalpha_l@@GLIBC_2.3                              /usr/lib/libc.so.6
isalpha_l@GLIBC_2.3                               /usr/lib/libc.so.6
isatty                                            /usr/lib/libc.so.6
isatty@@GLIBC_2.2.5                               /usr/lib/libc.so.6
isatty@GLIBC_2.2.5                                /usr/lib/libc.so.6
isblank_l                                         /usr/lib/libc.so.6
isblank_l@@GLIBC_2.3                              /usr/lib/libc.so.6
isblank_l@GLIBC_2.3                               /usr/lib/libc.so.6
iscntrl_l                                         /usr/lib/libc.so.6
iscntrl_l@@GLIBC_2.3                              /usr/lib/libc.so.6
iscntrl_l@GLIBC_2.3                               /usr/lib/libc.so.6
isctype                                           /usr/lib/libc.so.6
isctype@@GLIBC_2.3                                /usr/lib/libc.so.6
isctype@GLIBC_2.3                                 /usr/lib/libc.so.6
isdigit_l                                         /usr/lib/libc.so.6
isdigit_l@@GLIBC_2.3                              /usr/lib/libc.so.6
isdigit_l@GLIBC_2.3                               /usr/lib/libc.so.6
isgraph_l                                         /usr/lib/libc.so.6
isgraph_l@@GLIBC_2.3                              /usr/lib/libc.so.6
isgraph_l@GLIBC_2.3                               /usr/lib/libc.so.6
isinf                                             /usr/lib/libc.so.6
isinf@@GLIBC_2.2.5                                /usr/lib/libc.so.6
isinf@GLIBC_2.2.5                                 /usr/lib/libc.so.6
isinff                                            /usr/lib/libc.so.6
isinff@@GLIBC_2.2.5                               /usr/lib/libc.so.6
isinff@GLIBC_2.2.5                                /usr/lib/libc.so.6
isinfl                                            /usr/lib/libc.so.6
isinfl@@GLIBC_2.2.5                               /usr/lib/libc.so.6
isinfl@GLIBC_2.2.5                                /usr/lib/libc.so.6
islower_l                                         /usr/lib/libc.so.6
islower_l@@GLIBC_2.3                              /usr/lib/libc.so.6
islower_l@GLIBC_2.3                               /usr/lib/libc.so.6
isnan                                             /usr/lib/libc.so.6
isnan@@GLIBC_2.2.5                                /usr/lib/libc.so.6
isnan@GLIBC_2.2.5                                 /usr/lib/libc.so.6
isnanf                                            /usr/lib/libc.so.6
isnanf@@GLIBC_2.2.5                               /usr/lib/libc.so.6
isnanf@GLIBC_2.2.5                                /usr/lib/libc.so.6
isnanl                                            /usr/lib/libc.so.6
isnanl@@GLIBC_2.2.5                               /usr/lib/libc.so.6
isnanl@GLIBC_2.2.5                                /usr/lib/libc.so.6
isprint_l                                         /usr/lib/libc.so.6
isprint_l@@GLIBC_2.3                              /usr/lib/libc.so.6
isprint_l@GLIBC_2.3                               /usr/lib/libc.so.6
ispunct_l                                         /usr/lib/libc.so.6
ispunct_l@@GLIBC_2.3                              /usr/lib/libc.so.6
ispunct_l@GLIBC_2.3                               /usr/lib/libc.so.6
isspace_l                                         /usr/lib/libc.so.6
isspace_l@@GLIBC_2.3                              /usr/lib/libc.so.6
isspace_l@GLIBC_2.3                               /usr/lib/libc.so.6
isupper_l                                         /usr/lib/libc.so.6
isupper_l@@GLIBC_2.3                              /usr/lib/libc.so.6
isupper_l@GLIBC_2.3                               /usr/lib/libc.so.6
iswalnum                                          /usr/lib/libc.so.6
iswalnum@@GLIBC_2.2.5                             /usr/lib/libc.so.6
iswalnum@GLIBC_2.2.5                              /usr/lib/libc.so.6
iswalnum_l                                        /usr/lib/libc.so.6
iswalnum_l@@GLIBC_2.3                             /usr/lib/libc.so.6
iswalnum_l@GLIBC_2.3                              /usr/lib/libc.so.6
iswalpha                                          /usr/lib/libc.so.6
iswalpha@@GLIBC_2.2.5                             /usr/lib/libc.so.6
iswalpha@GLIBC_2.2.5                              /usr/lib/libc.so.6
iswalpha_l                                        /usr/lib/libc.so.6
iswalpha_l@@GLIBC_2.3                             /usr/lib/libc.so.6
iswalpha_l@GLIBC_2.3                              /usr/lib/libc.so.6
iswblank                                          /usr/lib/libc.so.6
iswblank@@GLIBC_2.2.5                             /usr/lib/libc.so.6
iswblank@GLIBC_2.2.5                              /usr/lib/libc.so.6
iswblank_l                                        /usr/lib/libc.so.6
iswblank_l@@GLIBC_2.3                             /usr/lib/libc.so.6
iswblank_l@GLIBC_2.3                              /usr/lib/libc.so.6
iswcntrl                                          /usr/lib/libc.so.6
iswcntrl@@GLIBC_2.2.5                             /usr/lib/libc.so.6
iswcntrl@GLIBC_2.2.5                              /usr/lib/libc.so.6
iswcntrl_l                                        /usr/lib/libc.so.6
iswcntrl_l@@GLIBC_2.3                             /usr/lib/libc.so.6
iswcntrl_l@GLIBC_2.3                              /usr/lib/libc.so.6
iswctype                                          /usr/lib/libc.so.6
iswctype@@GLIBC_2.2.5                             /usr/lib/libc.so.6
iswctype@GLIBC_2.2.5                              /usr/lib/libc.so.6
iswctype_l                                        /usr/lib/libc.so.6
iswctype_l@@GLIBC_2.3                             /usr/lib/libc.so.6
iswctype_l@GLIBC_2.3                              /usr/lib/libc.so.6
iswdigit                                          /usr/lib/libc.so.6
iswdigit@@GLIBC_2.2.5                             /usr/lib/libc.so.6
iswdigit@GLIBC_2.2.5                              /usr/lib/libc.so.6
iswdigit_l                                        /usr/lib/libc.so.6
iswdigit_l@@GLIBC_2.3                             /usr/lib/libc.so.6
iswdigit_l@GLIBC_2.3                              /usr/lib/libc.so.6
iswgraph                                          /usr/lib/libc.so.6
iswgraph@@GLIBC_2.2.5                             /usr/lib/libc.so.6
iswgraph@GLIBC_2.2.5                              /usr/lib/libc.so.6
iswgraph_l                                        /usr/lib/libc.so.6
iswgraph_l@@GLIBC_2.3                             /usr/lib/libc.so.6
iswgraph_l@GLIBC_2.3                              /usr/lib/libc.so.6
iswlower                                          /usr/lib/libc.so.6
iswlower@@GLIBC_2.2.5                             /usr/lib/libc.so.6
iswlower@GLIBC_2.2.5                              /usr/lib/libc.so.6
iswlower_l                                        /usr/lib/libc.so.6
iswlower_l@@GLIBC_2.3                             /usr/lib/libc.so.6
iswlower_l@GLIBC_2.3                              /usr/lib/libc.so.6
iswprint                                          /usr/lib/libc.so.6
iswprint@@GLIBC_2.2.5                             /usr/lib/libc.so.6
iswprint@GLIBC_2.2.5                              /usr/lib/libc.so.6
iswprint_l                                        /usr/lib/libc.so.6
iswprint_l@@GLIBC_2.3                             /usr/lib/libc.so.6
iswprint_l@GLIBC_2.3                              /usr/lib/libc.so.6
iswpunct                                          /usr/lib/libc.so.6
iswpunct@@GLIBC_2.2.5                             /usr/lib/libc.so.6
iswpunct@GLIBC_2.2.5                              /usr/lib/libc.so.6
iswpunct_l                                        /usr/lib/libc.so.6
iswpunct_l@@GLIBC_2.3                             /usr/lib/libc.so.6
iswpunct_l@GLIBC_2.3                              /usr/lib/libc.so.6
iswspace                                          /usr/lib/libc.so.6
iswspace@@GLIBC_2.2.5                             /usr/lib/libc.so.6
iswspace@GLIBC_2.2.5                              /usr/lib/libc.so.6
iswspace_l                                        /usr/lib/libc.so.6
iswspace_l@@GLIBC_2.3                             /usr/lib/libc.so.6
iswspace_l@GLIBC_2.3                              /usr/lib/libc.so.6
iswupper                                          /usr/lib/libc.so.6
iswupper@@GLIBC_2.2.5                             /usr/lib/libc.so.6
iswupper@GLIBC_2.2.5                              /usr/lib/libc.so.6
iswupper_l                                        /usr/lib/libc.so.6
iswupper_l@@GLIBC_2.3                             /usr/lib/libc.so.6
iswupper_l@GLIBC_2.3                              /usr/lib/libc.so.6
iswxdigit                                         /usr/lib/libc.so.6
iswxdigit@@GLIBC_2.2.5                            /usr/lib/libc.so.6
iswxdigit@GLIBC_2.2.5                             /usr/lib/libc.so.6
iswxdigit_l                                       /usr/lib/libc.so.6
iswxdigit_l@@GLIBC_2.3                            /usr/lib/libc.so.6
iswxdigit_l@GLIBC_2.3                             /usr/lib/libc.so.6
isxdigit_l                                        /usr/lib/libc.so.6
isxdigit_l@@GLIBC_2.3                             /usr/lib/libc.so.6
isxdigit_l@GLIBC_2.3                              /usr/lib/libc.so.6
jrand48_r                                         /usr/lib/libc.so.6
jrand48_r@@GLIBC_2.2.5                            /usr/lib/libc.so.6
jrand48_r@GLIBC_2.2.5                             /usr/lib/libc.so.6
kill                                              /usr/lib/libc.so.6
kill@@GLIBC_2.2.5                                 /usr/lib/libc.so.6
kill@GLIBC_2.2.5                                  /usr/lib/libc.so.6
lchown                                            /usr/lib/libc.so.6
lchown@@GLIBC_2.2.5                               /usr/lib/libc.so.6
lchown@GLIBC_2.2.5                                /usr/lib/libc.so.6
lckpwdf                                           /usr/lib/libc.so.6
lckpwdf@@GLIBC_2.2.5                              /usr/lib/libc.so.6
lckpwdf@GLIBC_2.2.5                               /usr/lib/libc.so.6
lcong48_r                                         /usr/lib/libc.so.6
lcong48_r@@GLIBC_2.2.5                            /usr/lib/libc.so.6
lcong48_r@GLIBC_2.2.5                             /usr/lib/libc.so.6
ldexp                                             /usr/lib/libc.so.6
ldexp@@GLIBC_2.2.5                                /usr/lib/libc.so.6
ldexp@GLIBC_2.2.5                                 /usr/lib/libc.so.6
ldexpf                                            /usr/lib/libc.so.6
ldexpf@@GLIBC_2.2.5                               /usr/lib/libc.so.6
ldexpf@GLIBC_2.2.5                                /usr/lib/libc.so.6
ldexpl                                            /usr/lib/libc.so.6
ldexpl@@GLIBC_2.2.5                               /usr/lib/libc.so.6
ldexpl@GLIBC_2.2.5                                /usr/lib/libc.so.6
link                                              /usr/lib/libc.so.6
link@@GLIBC_2.2.5                                 /usr/lib/libc.so.6
link@GLIBC_2.2.5                                  /usr/lib/libc.so.6
                                                  /usr/lib/libpthread.so.0
listen                                            /usr/lib/libc.so.6
listen@@GLIBC_2.2.5                               /usr/lib/libc.so.6
listen@GLIBC_2.2.5                                /usr/lib/libc.so.6
llseek                                            /usr/lib/libc.so.6